<html>
<body>
<pre>
<h1>礦ision Build Log</h1>
<h2>Tool Versions:</h2>
IDE-Version: 礦ision V5.14.0.0
Copyright (C) 2015 ARM Ltd and ARM Germany GmbH. All rights reserved.
License Information: jason lverne, alientek, LIC=BL2UH-W1D5H-GN6A5-GVILA-KJDCA-326D7
 
Tool Versions:
Toolchain:       MDK-ARM Professional  Version: 5.14.0.0
Toolchain Path:  F:\mdk5\ARM\ARMCC\Bin
C Compiler:      Armcc.exe V5.05 update 1 (build 106)
Assembler:       Armasm.exe V5.05 update 1 (build 106)
Linker/Locator:  ArmLink.exe V5.05 update 1 (build 106)
Library Manager: ArmAr.exe V5.05 update 1 (build 106)
Hex Converter:   FromElf.exe V5.05 update 1 (build 106)
CPU DLL:         SARMCM3.DLL V5.14.0.0
Dialog DLL:      DCM.DLL V1.13.1.0
Target DLL:      Segger\JL2CM3.dll V2.99.13.0
Dialog DLL:      TCM.DLL V1.14.4.0
 
<h2>Project:</h2>
F:\大三上课件\机器人实践\project\STM32层面\programmev4.0\Project\Project.uvprojx
Project File Date:  12/08/2020

<h2>Output:</h2>
Rebuild target 'PROJECT'
assembling startup_stm32f10x_hd.s...
compiling core_cm3.c...
compiling system_stm32f10x.c...
compiling misc.c...
compiling stm32f10x_adc.c...
compiling stm32f10x_bkp.c...
compiling stm32f10x_can.c...
compiling stm32f10x_cec.c...
compiling stm32f10x_crc.c...
compiling stm32f10x_dac.c...
compiling stm32f10x_dbgmcu.c...
compiling stm32f10x_dma.c...
compiling stm32f10x_exti.c...
compiling stm32f10x_flash.c...
compiling stm32f10x_fsmc.c...
compiling stm32f10x_gpio.c...
compiling stm32f10x_i2c.c...
compiling stm32f10x_iwdg.c...
compiling stm32f10x_pwr.c...
compiling stm32f10x_rcc.c...
compiling stm32f10x_rtc.c...
compiling stm32f10x_sdio.c...
compiling stm32f10x_spi.c...
compiling stm32f10x_tim.c...
compiling stm32f10x_usart.c...
compiling stm32f10x_wwdg.c...
compiling bsp_NVIC.C...
compiling bsp_sys.c...
compiling delay.c...
compiling bsp_timer.c...
compiling uart2.c...
compiling UART1.c...
compiling uart3.c...
compiling motor.c...
compiling pid.c...
compiling car.c...
compiling main.c...
..\User\main.c(142): warning:  #9-D: nested comment is not allowed
                                                                 }///*test*/
..\User\main.c(50): warning:  #550-D: variable "uccRxBuffer" was set but never used
        static unsigned char ucRxBuffer[250],uccRxBuffer[250];
..\User\main.c: 2 warnings, 0 errors
compiling stm32f10x_it.c...
compiling control.c...
compiling filter.c...
compiling myMath.c...
compiling pidmpu.c...
linking...
Program Size: Code=13652 RO-data=336 RW-data=344 ZI-data=3856  
FromELF: creating hex file...
"..\Output\Project.axf" - 0 Error(s), 2 Warning(s).

<h2>Collection of Component include folders:</h2>
  F:\大三上课件\机器人实践\project\STM32层面\programmev4.0\Project\RTE
  F:\mdk5\ARM\PACK\Keil\STM32F1xx_DFP\2.3.0

<h2>Collection of Component Files used:</h2>
</pre>
</body>
</html>
