Component: ARM Compiler 5.05 update 1 (build 106) Tool: armlink [4d0efa]

==============================================================================

Section Cross References

    startup_stm32f10x_hd.o(STACK) refers (Special) to heapauxi.o(.text) for __use_two_region_memory
    startup_stm32f10x_hd.o(HEAP) refers (Special) to heapauxi.o(.text) for __use_two_region_memory
    startup_stm32f10x_hd.o(RESET) refers (Special) to heapauxi.o(.text) for __use_two_region_memory
    startup_stm32f10x_hd.o(RESET) refers to startup_stm32f10x_hd.o(STACK) for __initial_sp
    startup_stm32f10x_hd.o(RESET) refers to startup_stm32f10x_hd.o(.text) for Reset_Handler
    startup_stm32f10x_hd.o(RESET) refers to stm32f10x_it.o(.text) for NMI_Handler
    startup_stm32f10x_hd.o(RESET) refers to uart1.o(.text) for USART1_IRQHandler
    startup_stm32f10x_hd.o(RESET) refers to uart2.o(.text) for USART2_IRQHandler
    startup_stm32f10x_hd.o(RESET) refers to uart3.o(.text) for USART3_IRQHandler
    startup_stm32f10x_hd.o(RESET) refers to car.o(.text) for TIM6_IRQHandler
    startup_stm32f10x_hd.o(.text) refers (Special) to heapauxi.o(.text) for __use_two_region_memory
    startup_stm32f10x_hd.o(.text) refers to system_stm32f10x.o(.text) for SystemInit
    startup_stm32f10x_hd.o(.text) refers to __main.o(!!!main) for __main
    startup_stm32f10x_hd.o(.text) refers to startup_stm32f10x_hd.o(HEAP) for Heap_Mem
    startup_stm32f10x_hd.o(.text) refers to startup_stm32f10x_hd.o(STACK) for Stack_Mem
    system_stm32f10x.o(.text) refers to system_stm32f10x.o(.data) for SystemCoreClock
    stm32f10x_adc.o(.text) refers to stm32f10x_rcc.o(.text) for RCC_APB2PeriphResetCmd
    stm32f10x_bkp.o(.text) refers to stm32f10x_rcc.o(.text) for RCC_BackupResetCmd
    stm32f10x_can.o(.text) refers to stm32f10x_rcc.o(.text) for RCC_APB1PeriphResetCmd
    stm32f10x_cec.o(.text) refers to stm32f10x_rcc.o(.text) for RCC_APB1PeriphResetCmd
    stm32f10x_dac.o(.text) refers to stm32f10x_rcc.o(.text) for RCC_APB1PeriphResetCmd
    stm32f10x_gpio.o(.text) refers to stm32f10x_rcc.o(.text) for RCC_APB2PeriphResetCmd
    stm32f10x_i2c.o(.text) refers to stm32f10x_rcc.o(.text) for RCC_APB1PeriphResetCmd
    stm32f10x_pwr.o(.text) refers to stm32f10x_rcc.o(.text) for RCC_APB1PeriphResetCmd
    stm32f10x_rcc.o(.text) refers to stm32f10x_rcc.o(.data) for APBAHBPrescTable
    stm32f10x_spi.o(.text) refers to stm32f10x_rcc.o(.text) for RCC_APB2PeriphResetCmd
    stm32f10x_tim.o(.text) refers to stm32f10x_rcc.o(.text) for RCC_APB2PeriphResetCmd
    stm32f10x_usart.o(.text) refers to stm32f10x_rcc.o(.text) for RCC_APB2PeriphResetCmd
    stm32f10x_wwdg.o(.text) refers to stm32f10x_rcc.o(.text) for RCC_APB1PeriphResetCmd
    bsp_sys.o(.text) refers to delay.o(.text) for Delay_Init
    bsp_sys.o(.text) refers to bsp_nvic.o(.text) for NVIC_Config
    bsp_sys.o(.text) refers to uart2.o(.text) for Initial_UART2
    bsp_sys.o(.text) refers to uart3.o(.text) for Initial_UART3
    bsp_sys.o(.text) refers to motor.o(.text) for MOTOR_GPIO_Init
    bsp_sys.o(.text) refers to bsp_timer.o(.text) for TIM8_PWM_Init
    delay.o(.text) refers to misc.o(.text) for SysTick_CLKSourceConfig
    delay.o(.text) refers to delay.o(.data) for fac_us
    bsp_timer.o(.text) refers to stm32f10x_rcc.o(.text) for RCC_APB2PeriphClockCmd
    bsp_timer.o(.text) refers to stm32f10x_gpio.o(.text) for GPIO_Init
    bsp_timer.o(.text) refers to stm32f10x_tim.o(.text) for TIM_TimeBaseInit
    bsp_timer.o(.text) refers to misc.o(.text) for NVIC_PriorityGroupConfig
    uart2.o(.text) refers to stm32f10x_rcc.o(.text) for RCC_APB1PeriphClockCmd
    uart2.o(.text) refers to stm32f10x_gpio.o(.text) for GPIO_Init
    uart2.o(.text) refers to stm32f10x_usart.o(.text) for USART_Init
    uart2.o(.text) refers to misc.o(.text) for NVIC_Init
    uart2.o(.text) refers to main.o(.text) for CopeSerial2Data
    uart2.o(.text) refers to uart2.o(.data) for TxCounter
    uart2.o(.text) refers to uart2.o(.bss) for TxBuffer
    uart1.o(.text) refers to stm32f10x_rcc.o(.text) for RCC_APB2PeriphClockCmd
    uart1.o(.text) refers to stm32f10x_gpio.o(.text) for GPIO_Init
    uart1.o(.text) refers to stm32f10x_usart.o(.text) for USART_Init
    uart1.o(.text) refers to misc.o(.text) for NVIC_Init
    uart1.o(.text) refers to main.o(.text) for CopeSerial1Data
    uart1.o(.text) refers to uart1.o(.data) for count
    uart1.o(.text) refers to uart1.o(.bss) for TxBuffer
    uart3.o(.text) refers to stm32f10x_rcc.o(.text) for RCC_APB1PeriphClockCmd
    uart3.o(.text) refers to stm32f10x_usart.o(.text) for USART_DeInit
    uart3.o(.text) refers to stm32f10x_gpio.o(.text) for GPIO_Init
    uart3.o(.text) refers to misc.o(.text) for NVIC_Init
    uart3.o(.text) refers to main.o(.text) for CopeSerial3Data
    uart3.o(.text) refers to uart3.o(.data) for TxCounter
    uart3.o(.text) refers to uart3.o(.bss) for TxBuffer
[...]
    sys_exit.o(.text) refers (Special) to indicate_semi.o(.text) for __semihosting_library_function
    _get_argv_nomalloc.o(.text) refers (Special) to hrguard.o(.text) for __heap_region$guard
    _get_argv_nomalloc.o(.text) refers to defsig_rtmem_outer.o(.text) for __rt_SIGRTMEM
    _get_argv_nomalloc.o(.text) refers to sys_command.o(.text) for _sys_command_string
    libshutdown.o(.ARM.Collect$$libshutdown$$00000000) refers (Special) to libshutdown2.o(.ARM.Collect$$libshutdown$$00000006) for __rt_lib_shutdown_fp_trap_1
    libshutdown.o(.ARM.Collect$$libshutdown$$00000000) refers (Special) to libshutdown2.o(.ARM.Collect$$libshutdown$$0000000E) for __rt_lib_shutdown_heap_1
    libshutdown.o(.ARM.Collect$$libshutdown$$00000000) refers (Special) to libshutdown2.o(.ARM.Collect$$libshutdown$$0000000F) for __rt_lib_shutdown_return
    libshutdown.o(.ARM.Collect$$libshutdown$$00000000) refers (Special) to libshutdown2.o(.ARM.Collect$$libshutdown$$00000009) for __rt_lib_shutdown_signal_1
    libshutdown.o(.ARM.Collect$$libshutdown$$00000000) refers (Special) to libshutdown2.o(.ARM.Collect$$libshutdown$$00000003) for __rt_lib_shutdown_stdio_1
    libshutdown.o(.ARM.Collect$$libshutdown$$00000000) refers (Special) to libshutdown2.o(.ARM.Collect$$libshutdown$$0000000B) for __rt_lib_shutdown_user_alloc_1
    sys_command.o(.text) refers (Special) to use_no_semi.o(.text) for __I$use$semihosting
    sys_command.o(.text) refers (Special) to indicate_semi.o(.text) for __semihosting_library_function
    defsig_rtmem_outer.o(.text) refers to defsig_rtmem_inner.o(.text) for __rt_SIGRTMEM_inner
    defsig_rtmem_outer.o(.text) refers to defsig_exit.o(.text) for __sig_exit
    defsig_rtmem_formal.o(.text) refers to rt_raise.o(.text) for __rt_raise
    rt_raise.o(.text) refers to __raise.o(.text) for __raise
    rt_raise.o(.text) refers to sys_exit.o(.text) for _sys_exit
    defsig_exit.o(.text) refers to sys_exit.o(.text) for _sys_exit
    defsig_rtmem_inner.o(.text) refers to defsig_general.o(.text) for __default_signal_display
    __raise.o(.text) refers to defsig.o(CL$$defsig) for __default_signal_handler
    defsig_general.o(.text) refers to sys_wrch.o(.text) for _ttywrch
    sys_wrch.o(.text) refers (Special) to use_no_semi.o(.text) for __I$use$semihosting
    sys_wrch.o(.text) refers (Special) to indicate_semi.o(.text) for __semihosting_library_function
    defsig.o(CL$$defsig) refers to defsig_rtmem_inner.o(.text) for __rt_SIGRTMEM_inner
    defsig_abrt_inner.o(.text) refers to defsig_general.o(.text) for __default_signal_display
    defsig_fpe_inner.o(.text) refers to defsig_general.o(.text) for __default_signal_display
    defsig_rtred_inner.o(.text) refers to defsig_general.o(.text) for __default_signal_display
    defsig_stak_inner.o(.text) refers to defsig_general.o(.text) for __default_signal_display
    defsig_pvfn_inner.o(.text) refers to defsig_general.o(.text) for __default_signal_display
    defsig_cppl_inner.o(.text) refers to defsig_general.o(.text) for __default_signal_display
    defsig_segv_inner.o(.text) refers to defsig_general.o(.text) for __default_signal_display
    defsig_other.o(.text) refers to defsig_general.o(.text) for __default_signal_display


==============================================================================

Removing Unused input sections from the image.

    Removing core_cm3.o(.emb_text), (32 bytes).
    Removing stm32f10x_adc.o(.text), (1102 bytes).
    Removing stm32f10x_bkp.o(.text), (196 bytes).
    Removing stm32f10x_can.o(.text), (2544 bytes).
    Removing stm32f10x_cec.o(.text), (288 bytes).
    Removing stm32f10x_crc.o(.text), (72 bytes).
    Removing stm32f10x_dac.o(.text), (396 bytes).
    Removing stm32f10x_dbgmcu.o(.text), (48 bytes).
    Removing stm32f10x_dma.o(.text), (596 bytes).
    Removing stm32f10x_exti.o(.text), (284 bytes).
    Removing stm32f10x_flash.o(.text), (1468 bytes).
    Removing stm32f10x_fsmc.o(.text), (1548 bytes).
    Removing stm32f10x_i2c.o(.text), (1028 bytes).
    Removing stm32f10x_iwdg.o(.text), (64 bytes).
    Removing stm32f10x_pwr.o(.text), (204 bytes).
    Removing stm32f10x_rtc.o(.text), (328 bytes).
    Removing stm32f10x_sdio.o(.text), (468 bytes).
    Removing stm32f10x_spi.o(.text), (780 bytes).
    Removing stm32f10x_wwdg.o(.text), (136 bytes).
    Removing control.o(.text), (308 bytes).
    Removing control.o(.data), (37 bytes).
    Removing filter.o(.text), (772 bytes).
    Removing filter.o(.bss), (202 bytes).
    Removing filter.o(.data), (4 bytes).
    Removing mymath.o(.text), (948 bytes).
    Removing mymath.o(.constdata), (24 bytes).
    Removing pidmpu.o(.text), (180 bytes).

27 unused section(s) (total 14057 bytes) removed from the image.

==============================================================================

Image Symbol Table

    Local Symbols

    Symbol Name                              Value     Ov Type        Size  Object(Section)

    ../clib/angel/boardlib.s                 0x00000000   Number         0  boardinit1.o ABSOLUTE
    ../clib/angel/boardlib.s                 0x00000000   Number         0  boardinit2.o ABSOLUTE
    ../clib/angel/boardlib.s                 0x00000000   Number         0  boardshut.o ABSOLUTE
    ../clib/angel/boardlib.s                 0x00000000   Number         0  boardinit3.o ABSOLUTE
    ../clib/angel/dczerorl2.s                0x00000000   Number         0  __dczerorl2.o ABSOLUTE
    ../clib/angel/handlers.s                 0x00000000   Number         0  __scatter_zi.o ABSOLUTE
    ../clib/angel/kernel.s                   0x00000000   Number         0  __rtentry2.o ABSOLUTE
    ../clib/angel/kernel.s                   0x00000000   Number         0  rtexit2.o ABSOLUTE
    ../clib/angel/kernel.s                   0x00000000   Number         0  __rtentry.o ABSOLUTE
    ../clib/angel/kernel.s                   0x00000000   Number         0  rtexit.o ABSOLUTE
    ../clib/angel/kernel.s                   0x00000000   Number         0  __rtentry4.o ABSOLUTE
    ../clib/angel/rt.s                       0x00000000   Number         0  rt_errno_addr_intlibspace.o ABSOLUTE
    ../clib/angel/rt.s                       0x00000000   Number         0  rt_raise.o ABSOLUTE
    ../clib/angel/rt.s                       0x00000000   Number         0  rt_errno_addr.o ABSOLUTE
    ../clib/angel/scatter.s                  0x00000000   Number         0  __scatter.o ABSOLUTE
    ../clib/angel/startup.s                  0x00000000   Number         0  __main.o ABSOLUTE
    ../clib/angel/sys.s                      0x00000000   Number         0  libspace.o ABSOLUTE
    ../clib/angel/sys.s                      0x00000000   Number         0  use_no_semi.o ABSOLUTE
    ../clib/angel/sys.s                      0x00000000   Number         0  indicate_semi.o ABSOLUTE
    ../clib/angel/sys.s                      0x00000000   Number         0  sys_stackheap_outer.o ABSOLUTE
    ../clib/angel/sysapp.c                   0x00000000   Number         0  sys_exit.o ABSOLUTE
    ../clib/angel/sysapp.c                   0x00000000   Number         0  sys_command.o ABSOLUTE
    ../clib/angel/sysapp.c                   0x00000000   Number         0  sys_wrch.o ABSOLUTE
    ../clib/armsys.c                         0x00000000   Number         0  _get_argv_nomalloc.o ABSOLUTE
    ../clib/armsys.c                         0x00000000   Number         0  no_argv.o ABSOLUTE
    ../clib/armsys.c                         0x00000000   Number         0  argv_veneer.o ABSOLUTE
    ../clib/armsys.c                         0x00000000   Number         0  argv_veneer.o ABSOLUTE
    ../clib/fenv.c                           0x00000000   Number         0  _rserrno.o ABSOLUTE
    ../clib/heapalloc.c                      0x00000000   Number         0  hrguard.o ABSOLUTE
    ../clib/heapaux.c                        0x00000000   Number         0  heapauxi.o ABSOLUTE
    ../clib/libinit.s                        0x00000000   Number         0  libshutdown2.o ABSOLUTE
    ../clib/libinit.s                        0x00000000   Number         0  libinit2.o ABSOLUTE
    ../clib/libinit.s                        0x00000000   Number         0  libinit.o ABSOLUTE
    ../clib/libinit.s                        0x00000000   Number         0  libshutdown.o ABSOLUTE
    ../clib/memcpset.s                       0x00000000   Number         0  rt_memcpy_w.o ABSOLUTE
    ../clib/memcpset.s                       0x00000000   Number         0  rt_memcpy_v6.o ABSOLUTE
    ../clib/signal.c                         0x00000000   Number         0  defsig_rtred_inner.o ABSOLUTE
    ../clib/signal.c                         0x00000000   Number         0  defsig_fpe_inner.o ABSOLUTE
    ../clib/signal.c                         0x00000000   Number         0  defsig_abrt_inner.o ABSOLUTE
    ../clib/signal.c                         0x00000000   Number         0  defsig_stak_inner.o ABSOLUTE
    ../clib/signal.c                         0x00000000   Number         0  defsig_general.o ABSOLUTE
    ../clib/signal.c                         0x00000000   Number         0  __raise.o ABSOLUTE
    ../clib/signal.c                         0x00000000   Number         0  defsig_rtmem_inner.o ABSOLUTE
    ../clib/signal.c                         0x00000000   Number         0  defsig_exit.o ABSOLUTE
    ../clib/signal.c                         0x00000000   Number         0  defsig_rtmem_formal.o ABSOLUTE
    ../clib/signal.c                         0x00000000   Number         0  defsig_rtmem_outer.o ABSOLUTE
    ../clib/signal.c                         0x00000000   Number         0  defsig_pvfn_inner.o ABSOLUTE
    ../clib/signal.c                         0x00000000   Number         0  defsig_cppl_inner.o ABSOLUTE
    ../clib/signal.c                         0x00000000   Number         0  defsig_segv_inner.o ABSOLUTE
    ../clib/signal.c                         0x00000000   Number         0  defsig_other.o ABSOLUTE
    ../clib/signal.s                         0x00000000   Number         0  defsig.o ABSOLUTE
    ../clib/stdlib.c                         0x00000000   Number         0  exit.o ABSOLUTE
    ../fplib/d2f.s                           0x00000000   Number         0  d2f.o ABSOLUTE
    ../fplib/daddsub.s                       0x00000000   Number         0  daddsub_clz.o ABSOLUTE
    ../fplib/dmul.s                          0x00000000   Number         0  dmul.o ABSOLUTE
    ../fplib/dnaninf.s                       0x00000000   Number         0  dnaninf.o ABSOLUTE
    ../fplib/dretinf.s                       0x00000000   Number         0  dretinf.o ABSOLUTE
    ../fplib/f2d.s                           0x00000000   Number         0  f2d.o ABSOLUTE
    ../fplib/faddsub.s                       0x00000000   Number         0  faddsub_clz.o ABSOLUTE
    ../fplib/fcheck1.s                       0x00000000   Number         0  fcheck1.o ABSOLUTE
    ../fplib/fcmpi.s                         0x00000000   Number         0  fcmpi.o ABSOLUTE
    ../fplib/fdiv.s                          0x00000000   Number         0  fdiv.o ABSOLUTE
    ../fplib/ffix.s                          0x00000000   Number         0  ffix.o ABSOLUTE
    ../fplib/fflt.s                          0x00000000   Number         0  fflt_clz.o ABSOLUTE
    ../fplib/fleqf.s                         0x00000000   Number         0  fleqf.o ABSOLUTE
    ../fplib/fmul.s                          0x00000000   Number         0  fmul.o ABSOLUTE
    ../fplib/fnaninf.s                       0x00000000   Number         0  fnaninf.o ABSOLUTE
    ../fplib/fpinit.s                        0x00000000   Number         0  fpinit.o ABSOLUTE
    ../fplib/fretinf.s                       0x00000000   Number         0  fretinf.o ABSOLUTE
    ../fplib/frleqf.s                        0x00000000   Number         0  frleqf.o ABSOLUTE
    ../fplib/fsqrt.s                         0x00000000   Number         0  fsqrt.o ABSOLUTE
    ../fplib/retnan.s                        0x00000000   Number         0  retnan.o ABSOLUTE
    ../fplib/scalbnf.s                       0x00000000   Number         0  scalbnf.o ABSOLUTE
    ../fplib/trapv.s                         0x00000000   Number         0  trapv.o ABSOLUTE
    ../fplib/usenofp.s                       0x00000000   Number         0  usenofp.o ABSOLUTE
    ../mathlib/asinf.c                       0x00000000   Number         0  asinf.o ABSOLUTE
    ../mathlib/asinf.c                       0x00000000   Number         0  asinf_x.o ABSOLUTE
    ../mathlib/fpclassifyf.c                 0x00000000   Number         0  fpclassifyf.o ABSOLUTE
    ../mathlib/funder.c                      0x00000000   Number         0  funder.o ABSOLUTE
    ../mathlib/sqrtf.c                       0x00000000   Number         0  sqrtf.o ABSOLUTE
    ../mathlib/sqrtf.c                       0x00000000   Number         0  sqrtf_x.o ABSOLUTE
    ..\DRV\UART1.c                           0x00000000   Number         0  uart1.o ABSOLUTE
    ..\DRV\bsp_NVIC.C                        0x00000000   Number         0  bsp_nvic.o ABSOLUTE
    ..\DRV\bsp_sys.c                         0x00000000   Number         0  bsp_sys.o ABSOLUTE
    ..\DRV\bsp_timer.c                       0x00000000   Number         0  bsp_timer.o ABSOLUTE
    ..\DRV\delay.c                           0x00000000   Number         0  delay.o ABSOLUTE
    ..\DRV\uart2.c                           0x00000000   Number         0  uart2.o ABSOLUTE
    ..\DRV\uart3.c                           0x00000000   Number         0  uart3.o ABSOLUTE
    ..\HARDWARE\MOTOR\car.c                  0x00000000   Number         0  car.o ABSOLUTE
    ..\HARDWARE\MOTOR\motor.c                0x00000000   Number         0  motor.o ABSOLUTE
    ..\HARDWARE\PID\pid.c                    0x00000000   Number         0  pid.o ABSOLUTE
    ..\HARDWARE\old\control.c                0x00000000   Number         0  control.o ABSOLUTE
    ..\HARDWARE\old\filter.c                 0x00000000   Number         0  filter.o ABSOLUTE
    ..\HARDWARE\old\myMath.c                 0x00000000   Number         0  mymath.o ABSOLUTE
    ..\HARDWARE\old\pidmpu.c                 0x00000000   Number         0  pidmpu.o ABSOLUTE
    ..\Libraries\CMSIS\core_cm3.c            0x00000000   Number         0  core_cm3.o ABSOLUTE
    ..\Libraries\CMSIS\startup\startup_stm32f10x_hd.s 0x00000000   Number         0  startup_stm32f10x_hd.o ABSOLUTE
    ..\Libraries\CMSIS\system_stm32f10x.c    0x00000000   Number         0  system_stm32f10x.o ABSOLUTE
    ..\Libraries\FWlib\src\misc.c            0x00000000   Number         0  misc.o ABSOLUTE
    ..\Libraries\FWlib\src\stm32f10x_adc.c   0x00000000   Number         0  stm32f10x_adc.o ABSOLUTE
    ..\Libraries\FWlib\src\stm32f10x_bkp.c   0x00000000   Number         0  stm32f10x_bkp.o ABSOLUTE
    ..\Libraries\FWlib\src\stm32f10x_can.c   0x00000000   Number         0  stm32f10x_can.o ABSOLUTE
    ..\Libraries\FWlib\src\stm32f10x_cec.c   0x00000000   Number         0  stm32f10x_cec.o ABSOLUTE
    ..\Libraries\FWlib\src\stm32f10x_crc.c   0x00000000   Number         0  stm32f10x_crc.o ABSOLUTE
    ..\Libraries\FWlib\src\stm32f10x_dac.c   0x00000000   Number         0  stm32f10x_dac.o ABSOLUTE
    ..\Libraries\FWlib\src\stm32f10x_dbgmcu.c 0x00000000   Number         0  stm32f10x_dbgmcu.o ABSOLUTE
    ..\Libraries\FWlib\src\stm32f10x_dma.c   0x00000000   Number         0  stm32f10x_dma.o ABSOLUTE
    ..\Libraries\FWlib\src\stm32f10x_exti.c  0x00000000   Number         0  stm32f10x_exti.o ABSOLUTE
    ..\Libraries\FWlib\src\stm32f10x_flash.c 0x00000000   Number         0  stm32f10x_flash.o ABSOLUTE
    ..\Libraries\FWlib\src\stm32f10x_fsmc.c  0x00000000   Number         0  stm32f10x_fsmc.o ABSOLUTE
    ..\Libraries\FWlib\src\stm32f10x_gpio.c  0x00000000   Number         0  stm32f10x_gpio.o ABSOLUTE
    ..\Libraries\FWlib\src\stm32f10x_i2c.c   0x00000000   Number         0  stm32f10x_i2c.o ABSOLUTE
    ..\Libraries\FWlib\src\stm32f10x_iwdg.c  0x00000000   Number         0  stm32f10x_iwdg.o ABSOLUTE
    ..\Libraries\FWlib\src\stm32f10x_pwr.c   0x00000000   Number         0  stm32f10x_pwr.o ABSOLUTE
    ..\Libraries\FWlib\src\stm32f10x_rcc.c   0x00000000   Number         0  stm32f10x_rcc.o ABSOLUTE
    ..\Libraries\FWlib\src\stm32f10x_rtc.c   0x00000000   Number         0  stm32f10x_rtc.o ABSOLUTE
    ..\Libraries\FWlib\src\stm32f10x_sdio.c  0x00000000   Number         0  stm32f10x_sdio.o ABSOLUTE
    ..\Libraries\FWlib\src\stm32f10x_spi.c   0x00000000   Number         0  stm32f10x_spi.o ABSOLUTE
    ..\Libraries\FWlib\src\stm32f10x_tim.c   0x00000000   Number         0  stm32f10x_tim.o ABSOLUTE
    ..\Libraries\FWlib\src\stm32f10x_usart.c 0x00000000   Number         0  stm32f10x_usart.o ABSOLUTE
    ..\Libraries\FWlib\src\stm32f10x_wwdg.c  0x00000000   Number         0  stm32f10x_wwdg.o ABSOLUTE
    ..\User\main.c                           0x00000000   Number         0  main.o ABSOLUTE
    ..\User\stm32f10x_it.c                   0x00000000   Number         0  stm32f10x_it.o ABSOLUTE
    ..\\Libraries\\CMSIS\\core_cm3.c         0x00000000   Number         0  core_cm3.o ABSOLUTE
    dc.s                                     0x00000000   Number         0  dc.o ABSOLUTE
    RESET                                    0x08000000   Section      304  startup_stm32f10x_hd.o(RESET)
    !!!main                                  0x08000130   Section        8  __main.o(!!!main)
    !!!scatter                               0x08000138   Section       52  __scatter.o(!!!scatter)
    !!dczerorl2                              0x0800016c   Section       90  __dczerorl2.o(!!dczerorl2)
    !!handler_zi                             0x080001c8   Section       28  __scatter_zi.o(!!handler_zi)
    .ARM.Collect$$libinit$$00000000          0x080001e4   Section        2  libinit.o(.ARM.Collect$$libinit$$00000000)
    .ARM.Collect$$libinit$$00000002          0x080001e6   Section        0  libinit2.o(.ARM.Collect$$libinit$$00000002)
    .ARM.Collect$$libinit$$00000004          0x080001e6   Section        0  libinit2.o(.ARM.Collect$$libinit$$00000004)
    .ARM.Collect$$libinit$$0000000A          0x080001e6   Section        0  libinit2.o(.ARM.Collect$$libinit$$0000000A)
    .ARM.Collect$$libinit$$0000000C          0x080001e6   Section        0  libinit2.o(.ARM.Collect$$libinit$$0000000C)
    .ARM.Collect$$libinit$$0000000E          0x080001e6   Section        0  libinit2.o(.ARM.Collect$$libinit$$0000000E)
    .ARM.Collect$$libinit$$00000011          0x080001e6   Section        0  libinit2.o(.ARM.Collect$$libinit$$00000011)
    .ARM.Collect$$libinit$$00000013          0x080001e6   Section        0  libinit2.o(.ARM.Collect$$libinit$$00000013)
    .ARM.Collect$$libinit$$00000015          0x080001e6   Section        0  libinit2.o(.ARM.Collect$$libinit$$00000015)
    .ARM.Collect$$libinit$$00000017          0x080001e6   Section        0  libinit2.o(.ARM.Collect$$libinit$$00000017)
    .ARM.Collect$$libinit$$00000019          0x080001e6   Section        0  libinit2.o(.ARM.Collect$$libinit$$00000019)
    .ARM.Collect$$libinit$$0000001B          0x080001e6   Section        0  libinit2.o(.ARM.Collect$$libinit$$0000001B)
    .ARM.Collect$$libinit$$0000001D          0x080001e6   Section        0  libinit2.o(.ARM.Collect$$libinit$$0000001D)
    .ARM.Collect$$libinit$$0000001F          0x080001e6   Section        0  libinit2.o(.ARM.Collect$$libinit$$0000001F)
    .ARM.Collect$$libinit$$00000021          0x080001e6   Section        0  libinit2.o(.ARM.Collect$$libinit$$00000021)
    .ARM.Collect$$libinit$$00000023          0x080001e6   Section        0  libinit2.o(.ARM.Collect$$libinit$$00000023)
    .ARM.Collect$$libinit$$00000025          0x080001e6   Section        0  libinit2.o(.ARM.Collect$$libinit$$00000025)
    .ARM.Collect$$libinit$$0000002C          0x080001e6   Section        0  libinit2.o(.ARM.Collect$$libinit$$0000002C)
    .ARM.Collect$$libinit$$0000002E          0x080001e6   Section        0  libinit2.o(.ARM.Collect$$libinit$$0000002E)
    .ARM.Collect$$libinit$$00000030          0x080001e6   Section        0  libinit2.o(.ARM.Collect$$libinit$$00000030)
    .ARM.Collect$$libinit$$00000032          0x080001e6   Section        0  libinit2.o(.ARM.Collect$$libinit$$00000032)
    .ARM.Collect$$libinit$$00000033          0x080001e6   Section        2  libinit2.o(.ARM.Collect$$libinit$$00000033)
    .ARM.Collect$$libshutdown$$00000000      0x080001e8   Section        2  libshutdown.o(.ARM.Collect$$libshutdown$$00000000)
    .ARM.Collect$$libshutdown$$00000003      0x080001ea   Section        0  libshutdown2.o(.ARM.Collect$$libshutdown$$00000003)
    .ARM.Collect$$libshutdown$$00000006      0x080001ea   Section        0  libshutdown2.o(.ARM.Collect$$libshutdown$$00000006)
    .ARM.Collect$$libshutdown$$00000009      0x080001ea   Section        0  libshutdown2.o(.ARM.Collect$$libshutdown$$00000009)
    .ARM.Collect$$libshutdown$$0000000B      0x080001ea   Section        0  libshutdown2.o(.ARM.Collect$$libshutdown$$0000000B)
    .ARM.Collect$$libshutdown$$0000000E      0x080001ea   Section        0  libshutdown2.o(.ARM.Collect$$libshutdown$$0000000E)
    .ARM.Collect$$libshutdown$$0000000F      0x080001ea   Section        2  libshutdown2.o(.ARM.Collect$$libshutdown$$0000000F)
    .ARM.Collect$$rtentry$$00000000          0x080001ec   Section        0  __rtentry.o(.ARM.Collect$$rtentry$$00000000)
    .ARM.Collect$$rtentry$$00000002          0x080001ec   Section        0  __rtentry2.o(.ARM.Collect$$rtentry$$00000002)
    .ARM.Collect$$rtentry$$00000004          0x080001ec   Section        6  __rtentry4.o(.ARM.Collect$$rtentry$$00000004)
    .ARM.Collect$$rtentry$$00000009          0x080001f2   Section        0  __rtentry2.o(.ARM.Collect$$rtentry$$00000009)
    .ARM.Collect$$rtentry$$0000000A          0x080001f2   Section        4  __rtentry2.o(.ARM.Collect$$rtentry$$0000000A)
    .ARM.Collect$$rtentry$$0000000C          0x080001f6   Section        0  __rtentry2.o(.ARM.Collect$$rtentry$$0000000C)
    .ARM.Collect$$rtentry$$0000000D          0x080001f6   Section        8  __rtentry2.o(.ARM.Collect$$rtentry$$0000000D)
    .ARM.Collect$$rtexit$$00000000           0x080001fe   Section        2  rtexit.o(.ARM.Collect$$rtexit$$00000000)
    .ARM.Collect$$rtexit$$00000002           0x08000200   Section        0  rtexit2.o(.ARM.Collect$$rtexit$$00000002)
    .ARM.Collect$$rtexit$$00000003           0x08000200   Section        4  rtexit2.o(.ARM.Collect$$rtexit$$00000003)
    .ARM.Collect$$rtexit$$00000004           0x08000204   Section        6  rtexit2.o(.ARM.Collect$$rtexit$$00000004)
    .text                                    0x0800020c   Section       64  startup_stm32f10x_hd.o(.text)
    .text                                    0x0800024c   Section        0  system_stm32f10x.o(.text)
    SetSysClockTo72                          0x0800024d   Thumb Code   214  system_stm32f10x.o(.text)
    SetSysClock                              0x08000323   Thumb Code     8  system_stm32f10x.o(.text)
    .text                                    0x0800042c   Section        0  misc.o(.text)
    .text                                    0x08000508   Section        0  stm32f10x_gpio.o(.text)
    .text                                    0x08000864   Section        0  stm32f10x_rcc.o(.text)
    .text                                    0x08000c08   Section        0  stm32f10x_tim.o(.text)
    TI4_Config                               0x080010af   Thumb Code   130  stm32f10x_tim.o(.text)
    TI3_Config                               0x08001143   Thumb Code   122  stm32f10x_tim.o(.text)
    TI2_Config                               0x080011d7   Thumb Code   130  stm32f10x_tim.o(.text)
    TI1_Config                               0x0800126b   Thumb Code   108  stm32f10x_tim.o(.text)
    .text                                    0x08001a24   Section        0  stm32f10x_usart.o(.text)
    .text                                    0x08001e2c   Section        0  bsp_nvic.o(.text)
    .text                                    0x08001e30   Section        0  bsp_sys.o(.text)
    .text                                    0x08001e84   Section        0  delay.o(.text)
    .text                                    0x08001f30   Section        0  bsp_timer.o(.text)
    .text                                    0x080023c8   Section        0  uart2.o(.text)
    .text                                    0x0800255c   Section        0  uart1.o(.text)
    .text                                    0x080026e8   Section        0  uart3.o(.text)
    .text                                    0x0800288c   Section        0  motor.o(.text)
    .text                                    0x08002a54   Section        0  pid.o(.text)
    .text                                    0x08002cd0   Section        0  car.o(.text)
    .text                                    0x08002ddc   Section        0  main.o(.text)
    .text                                    0x080030c0   Section        0  stm32f10x_it.o(.text)
    .text                                    0x080030d8   Section        0  heapauxi.o(.text)
    .text                                    0x080030e0   Section        8  libspace.o(.text)
    .text                                    0x080030e8   Section       74  sys_stackheap_outer.o(.text)
    .text                                    0x08003132   Section        0  exit.o(.text)
    .text                                    0x08003140   Section        0  sys_exit.o(.text)
    .text                                    0x0800314c   Section        2  use_no_semi.o(.text)
    .text                                    0x0800314e   Section        0  indicate_semi.o(.text)
    x$fpl$fadd                               0x08003150   Section      196  faddsub_clz.o(x$fpl$fadd)
    _fadd1                                   0x0800315f   Thumb Code     0  faddsub_clz.o(x$fpl$fadd)
    x$fpl$fdiv                               0x08003214   Section      388  fdiv.o(x$fpl$fdiv)
    _fdiv1                                   0x08003215   Thumb Code     0  fdiv.o(x$fpl$fdiv)
    x$fpl$ffix                               0x08003398   Section       54  ffix.o(x$fpl$ffix)
    x$fpl$fflt                               0x080033d0   Section       48  fflt_clz.o(x$fpl$fflt)
    x$fpl$fmul                               0x08003400   Section      258  fmul.o(x$fpl$fmul)
    x$fpl$fnaninf                            0x08003502   Section      140  fnaninf.o(x$fpl$fnaninf)
    x$fpl$fretinf                            0x0800358e   Section       10  fretinf.o(x$fpl$fretinf)
    x$fpl$fsub                               0x08003598   Section      234  faddsub_clz.o(x$fpl$fsub)
    _fsub1                                   0x080035a7   Thumb Code     0  faddsub_clz.o(x$fpl$fsub)
    x$fpl$usenofp                            0x08003682   Section        0  usenofp.o(x$fpl$usenofp)
    .data                                    0x20000000   Section       20  system_stm32f10x.o(.data)
    .data                                    0x20000014   Section       20  stm32f10x_rcc.o(.data)
    APBAHBPrescTable                         0x20000014   Data          16  stm32f10x_rcc.o(.data)
    ADCPrescTable                            0x20000024   Data           4  stm32f10x_rcc.o(.data)
    .data                                    0x20000028   Section        4  delay.o(.data)
    fac_us                                   0x20000028   Data           1  delay.o(.data)
    fac_ms                                   0x2000002a   Data           2  delay.o(.data)
    .data                                    0x2000002c   Section        8  uart2.o(.data)
    TxCounter                                0x2000002c   Data           1  uart2.o(.data)
    count                                    0x2000002d   Data           1  uart2.o(.data)
    .data                                    0x20000034   Section        2  uart1.o(.data)
    TxCounter                                0x20000034   Data           1  uart1.o(.data)
    count                                    0x20000035   Data           1  uart1.o(.data)
    .data                                    0x20000038   Section        8  uart3.o(.data)
    TxCounter                                0x20000038   Data           1  uart3.o(.data)
    count                                    0x20000039   Data           1  uart3.o(.data)
    ii                                       0x2000003c   Data           4  uart3.o(.data)
    .data                                    0x20000040   Section       64  pid.o(.data)
    LastError                                0x20000058   Data           4  pid.o(.data)
    PrevError                                0x2000005c   Data           4  pid.o(.data)
    LastError                                0x20000060   Data           4  pid.o(.data)
    PrevError                                0x20000064   Data           4  pid.o(.data)
    LastError                                0x20000068   Data           4  pid.o(.data)
    PrevError                                0x2000006c   Data           4  pid.o(.data)
    LastError                                0x20000070   Data           4  pid.o(.data)
    PrevError                                0x20000074   Data           4  pid.o(.data)
    LastError                                0x20000078   Data           4  pid.o(.data)
    PrevError                                0x2000007c   Data           4  pid.o(.data)
    .data                                    0x20000080   Section       90  car.o(.data)
    cnt_3ms                                  0x200000d7   Data           1  car.o(.data)
    cnt_100ms                                0x200000d8   Data           1  car.o(.data)
    cnt_6ms                                  0x200000d9   Data           1  car.o(.data)
    .data                                    0x200000dc   Section      124  main.o(.data)
    .bss                                     0x20000158   Section      256  uart2.o(.bss)
    TxBuffer                                 0x20000158   Data         256  uart2.o(.bss)
    .bss                                     0x20000258   Section      256  uart1.o(.bss)
    TxBuffer                                 0x20000258   Data         256  uart1.o(.bss)
    .bss                                     0x20000358   Section      256  uart3.o(.bss)
    TxBuffer                                 0x20000358   Data         256  uart3.o(.bss)
    .bss                                     0x20000458   Section     1456  main.o(.bss)
    ucRxBuffer                               0x20000620   Data         250  main.o(.bss)
    uccRxBuffer                              0x2000071a   Data         250  main.o(.bss)
    ucccRxBuffer                             0x20000814   Data         500  main.o(.bss)
    .bss                                     0x20000a08   Section       96  libspace.o(.bss)
    HEAP                                     0x20000a68   Section      512  startup_stm32f10x_hd.o(HEAP)
    Heap_Mem                                 0x20000a68   Data         512  startup_stm32f10x_hd.o(HEAP)
    STACK                                    0x20000c68   Section     1024  startup_stm32f10x_hd.o(STACK)
    Stack_Mem                                0x20000c68   Data        1024  startup_stm32f10x_hd.o(STACK)
    __initial_sp                             0x20001068   Data           0  startup_stm32f10x_hd.o(STACK)

    Global Symbols

    Symbol Name                              Value     Ov Type        Size  Object(Section)

    BuildAttributes$$THM_ISAv4$P$D$K$B$S$PE$A:L22UL41UL21$X:L11$S22US41US21$IEEE1$IW$USESV6$~STKCKD$USESV7$~SHL$OTIME$ROPI$IEEEX$EBA8$UX$STANDARDLIB$REQ8$PRES8$EABIv2 0x00000000   Number         0  anon$$obj.o ABSOLUTE
    __ARM_use_no_argv                        0x00000000   Number         0  main.o ABSOLUTE
    __ARM_exceptions_init                     - Undefined Weak Reference
    __alloca_initialize                       - Undefined Weak Reference
    __arm_preinit_                            - Undefined Weak Reference
    __cpp_initialize__aeabi_                  - Undefined Weak Reference
    __cxa_finalize                            - Undefined Weak Reference
    __rt_locale                               - Undefined Weak Reference
    __sigvec_lookup                           - Undefined Weak Reference
    _atexit_init                              - Undefined Weak Reference
    _call_atexit_fns                          - Undefined Weak Reference
    _clock_init                               - Undefined Weak Reference
    _fp_trap_init                             - Undefined Weak Reference
    _fp_trap_shutdown                         - Undefined Weak Reference
    _get_lc_collate                           - Undefined Weak Reference
    _get_lc_ctype                             - Undefined Weak Reference
    _get_lc_monetary                          - Undefined Weak Reference
    _get_lc_numeric                           - Undefined Weak Reference
    _get_lc_time                              - Undefined Weak Reference
    _getenv_init                              - Undefined Weak Reference
    _handle_redirection                       - Undefined Weak Reference
    _init_alloc                               - Undefined Weak Reference
    _init_user_alloc                          - Undefined Weak Reference
    _initio                                   - Undefined Weak Reference
    _rand_init                                - Undefined Weak Reference
    _signal_finish                            - Undefined Weak Reference
    _signal_init                              - Undefined Weak Reference
    _terminate_alloc                          - Undefined Weak Reference
    _terminate_user_alloc                     - Undefined Weak Reference
    _terminateio                              - Undefined Weak Reference
    __Vectors_Size                           0x00000130   Number         0  startup_stm32f10x_hd.o ABSOLUTE
    __Vectors                                0x08000000   Data           4  startup_stm32f10x_hd.o(RESET)
    __Vectors_End                            0x08000130   Data           0  startup_stm32f10x_hd.o(RESET)
    __main                                   0x08000131   Thumb Code     8  __main.o(!!!main)
    __scatterload                            0x08000139   Thumb Code     0  __scatter.o(!!!scatter)
    __scatterload_rt2                        0x08000139   Thumb Code    44  __scatter.o(!!!scatter)
    __scatterload_rt2_thumb_only             0x08000139   Thumb Code     0  __scatter.o(!!!scatter)
    __scatterload_null                       0x08000147   Thumb Code     0  __scatter.o(!!!scatter)
    __decompress                             0x0800016d   Thumb Code    90  __dczerorl2.o(!!dczerorl2)
    __decompress1                            0x0800016d   Thumb Code     0  __dczerorl2.o(!!dczerorl2)
    __scatterload_zeroinit                   0x080001c9   Thumb Code    28  __scatter_zi.o(!!handler_zi)
    __rt_lib_init                            0x080001e5   Thumb Code     0  libinit.o(.ARM.Collect$$libinit$$00000000)
    __rt_lib_init_alloca_1                   0x080001e7   Thumb Code     0  libinit2.o(.ARM.Collect$$libinit$$0000002E)
    __rt_lib_init_argv_1                     0x080001e7   Thumb Code     0  libinit2.o(.ARM.Collect$$libinit$$0000002C)
    __rt_lib_init_atexit_1                   0x080001e7   Thumb Code     0  libinit2.o(.ARM.Collect$$libinit$$0000001B)
    __rt_lib_init_clock_1                    0x080001e7   Thumb Code     0  libinit2.o(.ARM.Collect$$libinit$$00000021)
    __rt_lib_init_cpp_1                      0x080001e7   Thumb Code     0  libinit2.o(.ARM.Collect$$libinit$$00000032)
    __rt_lib_init_exceptions_1               0x080001e7   Thumb Code     0  libinit2.o(.ARM.Collect$$libinit$$00000030)
    __rt_lib_init_fp_1                       0x080001e7   Thumb Code     0  libinit2.o(.ARM.Collect$$libinit$$00000002)
    __rt_lib_init_fp_trap_1                  0x080001e7   Thumb Code     0  libinit2.o(.ARM.Collect$$libinit$$0000001F)
    __rt_lib_init_getenv_1                   0x080001e7   Thumb Code     0  libinit2.o(.ARM.Collect$$libinit$$00000023)
    __rt_lib_init_heap_1                     0x080001e7   Thumb Code     0  libinit2.o(.ARM.Collect$$libinit$$0000000A)
    __rt_lib_init_lc_collate_1               0x080001e7   Thumb Code     0  libinit2.o(.ARM.Collect$$libinit$$00000011)
    __rt_lib_init_lc_ctype_1                 0x080001e7   Thumb Code     0  libinit2.o(.ARM.Collect$$libinit$$00000013)
    __rt_lib_init_lc_monetary_1              0x080001e7   Thumb Code     0  libinit2.o(.ARM.Collect$$libinit$$00000015)
    __rt_lib_init_lc_numeric_1               0x080001e7   Thumb Code     0  libinit2.o(.ARM.Collect$$libinit$$00000017)
    __rt_lib_init_lc_time_1                  0x080001e7   Thumb Code     0  libinit2.o(.ARM.Collect$$libinit$$00000019)
    __rt_lib_init_preinit_1                  0x080001e7   Thumb Code     0  libinit2.o(.ARM.Collect$$libinit$$00000004)
    __rt_lib_init_rand_1                     0x080001e7   Thumb Code     0  libinit2.o(.ARM.Collect$$libinit$$0000000E)
    __rt_lib_init_return                     0x080001e7   Thumb Code     0  libinit2.o(.ARM.Collect$$libinit$$00000033)
    __rt_lib_init_signal_1                   0x080001e7   Thumb Code     0  libinit2.o(.ARM.Collect$$libinit$$0000001D)
    __rt_lib_init_stdio_1                    0x080001e7   Thumb Code     0  libinit2.o(.ARM.Collect$$libinit$$00000025)
    __rt_lib_init_user_alloc_1               0x080001e7   Thumb Code     0  libinit2.o(.ARM.Collect$$libinit$$0000000C)
    __rt_lib_shutdown                        0x080001e9   Thumb Code     0  libshutdown.o(.ARM.Collect$$libshutdown$$00000000)
    __rt_lib_shutdown_fp_trap_1              0x080001eb   Thumb Code     0  libshutdown2.o(.ARM.Collect$$libshutdown$$00000006)
    __rt_lib_shutdown_heap_1                 0x080001eb   Thumb Code     0  libshutdown2.o(.ARM.Collect$$libshutdown$$0000000E)
    __rt_lib_shutdown_return                 0x080001eb   Thumb Code     0  libshutdown2.o(.ARM.Collect$$libshutdown$$0000000F)
    __rt_lib_shutdown_signal_1               0x080001eb   Thumb Code     0  libshutdown2.o(.ARM.Collect$$libshutdown$$00000009)
    __rt_lib_shutdown_stdio_1                0x080001eb   Thumb Code     0  libshutdown2.o(.ARM.Collect$$libshutdown$$00000003)
    __rt_lib_shutdown_user_alloc_1           0x080001eb   Thumb Code     0  libshutdown2.o(.ARM.Collect$$libshutdown$$0000000B)
    __rt_entry                               0x080001ed   Thumb Code     0  __rtentry.o(.ARM.Collect$$rtentry$$00000000)
    __rt_entry_presh_1                       0x080001ed   Thumb Code     0  __rtentry2.o(.ARM.Collect$$rtentry$$00000002)
    __rt_entry_sh                            0x080001ed   Thumb Code     0  __rtentry4.o(.ARM.Collect$$rtentry$$00000004)
    __rt_entry_li                            0x080001f3   Thumb Code     0  __rtentry2.o(.ARM.Collect$$rtentry$$0000000A)
    __rt_entry_postsh_1                      0x080001f3   Thumb Code     0  __rtentry2.o(.ARM.Collect$$rtentry$$00000009)
    __rt_entry_main                          0x080001f7   Thumb Code     0  __rtentry2.o(.ARM.Collect$$rtentry$$0000000D)
    __rt_entry_postli_1                      0x080001f7   Thumb Code     0  __rtentry2.o(.ARM.Collect$$rtentry$$0000000C)
    __rt_exit                                0x080001ff   Thumb Code     0  rtexit.o(.ARM.Collect$$rtexit$$00000000)
    __rt_exit_ls                             0x08000201   Thumb Code     0  rtexit2.o(.ARM.Collect$$rtexit$$00000003)
    __rt_exit_prels_1                        0x08000201   Thumb Code     0  rtexit2.o(.ARM.Collect$$rtexit$$00000002)
    __rt_exit_exit                           0x08000205   Thumb Code     0  rtexit2.o(.ARM.Collect$$rtexit$$00000004)
    Reset_Handler                            0x0800020d   Thumb Code     8  startup_stm32f10x_hd.o(.text)
    SysTick_Handler                          0x08000225   Thumb Code     2  startup_stm32f10x_hd.o(.text)
    ADC1_2_IRQHandler                        0x08000227   Thumb Code     0  startup_stm32f10x_hd.o(.text)
    ADC3_IRQHandler                          0x08000227   Thumb Code     0  startup_stm32f10x_hd.o(.text)
    CAN1_RX1_IRQHandler                      0x08000227   Thumb Code     0  startup_stm32f10x_hd.o(.text)
    CAN1_SCE_IRQHandler                      0x08000227   Thumb Code     0  startup_stm32f10x_hd.o(.text)
    DMA1_Channel1_IRQHandler                 0x08000227   Thumb Code     0  startup_stm32f10x_hd.o(.text)
    DMA1_Channel2_IRQHandler                 0x08000227   Thumb Code     0  startup_stm32f10x_hd.o(.text)
    DMA1_Channel3_IRQHandler                 0x08000227   Thumb Code     0  startup_stm32f10x_hd.o(.text)
    DMA1_Channel4_IRQHandler                 0x08000227   Thumb Code     0  startup_stm32f10x_hd.o(.text)
    DMA1_Channel5_IRQHandler                 0x08000227   Thumb Code     0  startup_stm32f10x_hd.o(.text)
    DMA1_Channel6_IRQHandler                 0x08000227   Thumb Code     0  startup_stm32f10x_hd.o(.text)
    DMA1_Channel7_IRQHandler                 0x08000227   Thumb Code     0  startup_stm32f10x_hd.o(.text)
    DMA2_Channel1_IRQHandler                 0x08000227   Thumb Code     0  startup_stm32f10x_hd.o(.text)
    DMA2_Channel2_IRQHandler                 0x08000227   Thumb Code     0  startup_stm32f10x_hd.o(.text)
    DMA2_Channel3_IRQHandler                 0x08000227   Thumb Code     0  startup_stm32f10x_hd.o(.text)
    DMA2_Channel4_5_IRQHandler               0x08000227   Thumb Code     0  startup_stm32f10x_hd.o(.text)
    EXTI0_IRQHandler                         0x08000227   Thumb Code     0  startup_stm32f10x_hd.o(.text)
    EXTI15_10_IRQHandler                     0x08000227   Thumb Code     0  startup_stm32f10x_hd.o(.text)
    EXTI1_IRQHandler                         0x08000227   Thumb Code     0  startup_stm32f10x_hd.o(.text)
    EXTI2_IRQHandler                         0x08000227   Thumb Code     0  startup_stm32f10x_hd.o(.text)
    EXTI3_IRQHandler                         0x08000227   Thumb Code     0  startup_stm32f10x_hd.o(.text)
    EXTI4_IRQHandler                         0x08000227   Thumb Code     0  startup_stm32f10x_hd.o(.text)
    EXTI9_5_IRQHandler                       0x08000227   Thumb Code     0  startup_stm32f10x_hd.o(.text)
    FLASH_IRQHandler                         0x08000227   Thumb Code     0  startup_stm32f10x_hd.o(.text)
    FSMC_IRQHandler                          0x08000227   Thumb Code     0  startup_stm32f10x_hd.o(.text)
    I2C1_ER_IRQHandler                       0x08000227   Thumb Code     0  startup_stm32f10x_hd.o(.text)
    I2C1_EV_IRQHandler                       0x08000227   Thumb Code     0  startup_stm32f10x_hd.o(.text)
    I2C2_ER_IRQHandler                       0x08000227   Thumb Code     0  startup_stm32f10x_hd.o(.text)
    I2C2_EV_IRQHandler                       0x08000227   Thumb Code     0  startup_stm32f10x_hd.o(.text)
    PVD_IRQHandler                           0x08000227   Thumb Code     0  startup_stm32f10x_hd.o(.text)
    RCC_IRQHandler                           0x08000227   Thumb Code     0  startup_stm32f10x_hd.o(.text)
    RTCAlarm_IRQHandler                      0x08000227   Thumb Code     0  startup_stm32f10x_hd.o(.text)
    RTC_IRQHandler                           0x08000227   Thumb Code     0  startup_stm32f10x_hd.o(.text)
    SDIO_IRQHandler                          0x08000227   Thumb Code     0  startup_stm32f10x_hd.o(.text)
    SPI1_IRQHandler                          0x08000227   Thumb Code     0  startup_stm32f10x_hd.o(.text)
    SPI2_IRQHandler                          0x08000227   Thumb Code     0  startup_stm32f10x_hd.o(.text)
    SPI3_IRQHandler                          0x08000227   Thumb Code     0  startup_stm32f10x_hd.o(.text)
    TAMPER_IRQHandler                        0x08000227   Thumb Code     0  startup_stm32f10x_hd.o(.text)
    TIM1_BRK_IRQHandler                      0x08000227   Thumb Code     0  startup_stm32f10x_hd.o(.text)
    TIM1_CC_IRQHandler                       0x08000227   Thumb Code     0  startup_stm32f10x_hd.o(.text)
    TIM1_TRG_COM_IRQHandler                  0x08000227   Thumb Code     0  startup_stm32f10x_hd.o(.text)
    TIM1_UP_IRQHandler                       0x08000227   Thumb Code     0  startup_stm32f10x_hd.o(.text)
    TIM2_IRQHandler                          0x08000227   Thumb Code     0  startup_stm32f10x_hd.o(.text)
    TIM3_IRQHandler                          0x08000227   Thumb Code     0  startup_stm32f10x_hd.o(.text)
    TIM4_IRQHandler                          0x08000227   Thumb Code     0  startup_stm32f10x_hd.o(.text)
    TIM5_IRQHandler                          0x08000227   Thumb Code     0  startup_stm32f10x_hd.o(.text)
    TIM7_IRQHandler                          0x08000227   Thumb Code     0  startup_stm32f10x_hd.o(.text)
    TIM8_BRK_IRQHandler                      0x08000227   Thumb Code     0  startup_stm32f10x_hd.o(.text)
    TIM8_CC_IRQHandler                       0x08000227   Thumb Code     0  startup_stm32f10x_hd.o(.text)
    TIM8_TRG_COM_IRQHandler                  0x08000227   Thumb Code     0  startup_stm32f10x_hd.o(.text)
    TIM8_UP_IRQHandler                       0x08000227   Thumb Code     0  startup_stm32f10x_hd.o(.text)
    UART4_IRQHandler                         0x08000227   Thumb Code     0  startup_stm32f10x_hd.o(.text)
    UART5_IRQHandler                         0x08000227   Thumb Code     0  startup_stm32f10x_hd.o(.text)
    USBWakeUp_IRQHandler                     0x08000227   Thumb Code     0  startup_stm32f10x_hd.o(.text)
    USB_HP_CAN1_TX_IRQHandler                0x08000227   Thumb Code     0  startup_stm32f10x_hd.o(.text)
    USB_LP_CAN1_RX0_IRQHandler               0x08000227   Thumb Code     0  startup_stm32f10x_hd.o(.text)
    WWDG_IRQHandler                          0x08000227   Thumb Code     0  startup_stm32f10x_hd.o(.text)
    __user_initial_stackheap                 0x08000229   Thumb Code     0  startup_stm32f10x_hd.o(.text)
    SystemInit                               0x0800032b   Thumb Code    78  system_stm32f10x.o(.text)
    SystemCoreClockUpdate                    0x08000379   Thumb Code   142  system_stm32f10x.o(.text)
    NVIC_PriorityGroupConfig                 0x0800042d   Thumb Code    10  misc.o(.text)
    NVIC_Init                                0x08000437   Thumb Code   100  misc.o(.text)
    NVIC_SetVectorTable                      0x0800049b   Thumb Code    14  misc.o(.text)
    NVIC_SystemLPConfig                      0x080004a9   Thumb Code    34  misc.o(.text)
    SysTick_CLKSourceConfig                  0x080004cb   Thumb Code    40  misc.o(.text)
    GPIO_DeInit                              0x08000509   Thumb Code   172  stm32f10x_gpio.o(.text)
    GPIO_AFIODeInit                          0x080005b5   Thumb Code    20  stm32f10x_gpio.o(.text)
    GPIO_Init                                0x080005c9   Thumb Code   278  stm32f10x_gpio.o(.text)
    GPIO_StructInit                          0x080006df   Thumb Code    16  stm32f10x_gpio.o(.text)
    GPIO_ReadInputDataBit                    0x080006ef   Thumb Code    18  stm32f10x_gpio.o(.text)
    GPIO_ReadInputData                       0x08000701   Thumb Code     8  stm32f10x_gpio.o(.text)
    GPIO_ReadOutputDataBit                   0x08000709   Thumb Code    18  stm32f10x_gpio.o(.text)
    GPIO_ReadOutputData                      0x0800071b   Thumb Code     8  stm32f10x_gpio.o(.text)
    GPIO_SetBits                             0x08000723   Thumb Code     4  stm32f10x_gpio.o(.text)
    GPIO_ResetBits                           0x08000727   Thumb Code     4  stm32f10x_gpio.o(.text)
    GPIO_WriteBit                            0x0800072b   Thumb Code    10  stm32f10x_gpio.o(.text)
    GPIO_Write                               0x08000735   Thumb Code     4  stm32f10x_gpio.o(.text)
    GPIO_PinLockConfig                       0x08000739   Thumb Code    18  stm32f10x_gpio.o(.text)
    GPIO_EventOutputConfig                   0x0800074b   Thumb Code    26  stm32f10x_gpio.o(.text)
    GPIO_EventOutputCmd                      0x08000765   Thumb Code     6  stm32f10x_gpio.o(.text)
    GPIO_PinRemapConfig                      0x0800076b   Thumb Code   138  stm32f10x_gpio.o(.text)
    GPIO_EXTILineConfig                      0x080007f5   Thumb Code    66  stm32f10x_gpio.o(.text)
    GPIO_ETH_MediaInterfaceConfig            0x08000837   Thumb Code     8  stm32f10x_gpio.o(.text)
    RCC_DeInit                               0x08000865   Thumb Code    64  stm32f10x_rcc.o(.text)
    RCC_HSEConfig                            0x080008a5   Thumb Code    70  stm32f10x_rcc.o(.text)
    RCC_GetFlagStatus                        0x080008eb   Thumb Code    56  stm32f10x_rcc.o(.text)
    RCC_WaitForHSEStartUp                    0x08000923   Thumb Code    56  stm32f10x_rcc.o(.text)
    RCC_AdjustHSICalibrationValue            0x0800095b   Thumb Code    20  stm32f10x_rcc.o(.text)
    RCC_HSICmd                               0x0800096f   Thumb Code     6  stm32f10x_rcc.o(.text)
    RCC_PLLConfig                            0x08000975   Thumb Code    24  stm32f10x_rcc.o(.text)
    RCC_PLLCmd                               0x0800098d   Thumb Code     6  stm32f10x_rcc.o(.text)
    RCC_SYSCLKConfig                         0x08000993   Thumb Code    18  stm32f10x_rcc.o(.text)
    RCC_GetSYSCLKSource                      0x080009a5   Thumb Code    10  stm32f10x_rcc.o(.text)
    RCC_HCLKConfig                           0x080009af   Thumb Code    18  stm32f10x_rcc.o(.text)
    RCC_PCLK1Config                          0x080009c1   Thumb Code    18  stm32f10x_rcc.o(.text)
    RCC_PCLK2Config                          0x080009d3   Thumb Code    20  stm32f10x_rcc.o(.text)
    RCC_ITConfig                             0x080009e7   Thumb Code    26  stm32f10x_rcc.o(.text)
    RCC_USBCLKConfig                         0x08000a01   Thumb Code     8  stm32f10x_rcc.o(.text)
    RCC_ADCCLKConfig                         0x08000a09   Thumb Code    18  stm32f10x_rcc.o(.text)
    RCC_LSEConfig                            0x08000a1b   Thumb Code    50  stm32f10x_rcc.o(.text)
    RCC_LSICmd                               0x08000a4d   Thumb Code     6  stm32f10x_rcc.o(.text)
    RCC_RTCCLKConfig                         0x08000a53   Thumb Code    12  stm32f10x_rcc.o(.text)
    RCC_RTCCLKCmd                            0x08000a5f   Thumb Code     8  stm32f10x_rcc.o(.text)
    RCC_GetClocksFreq                        0x08000a67   Thumb Code   192  stm32f10x_rcc.o(.text)
    RCC_AHBPeriphClockCmd                    0x08000b27   Thumb Code    26  stm32f10x_rcc.o(.text)
    RCC_APB2PeriphClockCmd                   0x08000b41   Thumb Code    26  stm32f10x_rcc.o(.text)
    RCC_APB1PeriphClockCmd                   0x08000b5b   Thumb Code    26  stm32f10x_rcc.o(.text)
    RCC_APB2PeriphResetCmd                   0x08000b75   Thumb Code    26  stm32f10x_rcc.o(.text)
    RCC_APB1PeriphResetCmd                   0x08000b8f   Thumb Code    26  stm32f10x_rcc.o(.text)
    RCC_BackupResetCmd                       0x08000ba9   Thumb Code     8  stm32f10x_rcc.o(.text)
    RCC_ClockSecuritySystemCmd               0x08000bb1   Thumb Code     6  stm32f10x_rcc.o(.text)
    RCC_MCOConfig                            0x08000bb7   Thumb Code     6  stm32f10x_rcc.o(.text)
    RCC_ClearFlag                            0x08000bbd   Thumb Code    14  stm32f10x_rcc.o(.text)
    RCC_GetITStatus                          0x08000bcb   Thumb Code    20  stm32f10x_rcc.o(.text)
    RCC_ClearITPendingBit                    0x08000bdf   Thumb Code     6  stm32f10x_rcc.o(.text)
    TIM_DeInit                               0x08000c09   Thumb Code   424  stm32f10x_tim.o(.text)
    TIM_TimeBaseInit                         0x08000db1   Thumb Code   122  stm32f10x_tim.o(.text)
    TIM_OC1Init                              0x08000e2b   Thumb Code   132  stm32f10x_tim.o(.text)
    TIM_OC2Init                              0x08000eaf   Thumb Code   154  stm32f10x_tim.o(.text)
    TIM_OC3Init                              0x08000f49   Thumb Code   150  stm32f10x_tim.o(.text)
    TIM_OC4Init                              0x08000fdf   Thumb Code   182  stm32f10x_tim.o(.text)
    TIM_SetIC4Prescaler                      0x08001095   Thumb Code    26  stm32f10x_tim.o(.text)
    TIM_SetIC3Prescaler                      0x08001131   Thumb Code    18  stm32f10x_tim.o(.text)
    TIM_SetIC2Prescaler                      0x080011bd   Thumb Code    26  stm32f10x_tim.o(.text)
    TIM_SetIC1Prescaler                      0x08001259   Thumb Code    18  stm32f10x_tim.o(.text)
    TIM_ICInit                               0x080012d7   Thumb Code   150  stm32f10x_tim.o(.text)
    TIM_PWMIConfig                           0x0800136d   Thumb Code   124  stm32f10x_tim.o(.text)
    TIM_BDTRConfig                           0x080013e9   Thumb Code    32  stm32f10x_tim.o(.text)
    TIM_TimeBaseStructInit                   0x08001409   Thumb Code    18  stm32f10x_tim.o(.text)
    TIM_OCStructInit                         0x0800141b   Thumb Code    20  stm32f10x_tim.o(.text)
    TIM_ICStructInit                         0x0800142f   Thumb Code    18  stm32f10x_tim.o(.text)
    TIM_BDTRStructInit                       0x08001441   Thumb Code    40  stm32f10x_tim.o(.text)
    TIM_Cmd                                  0x08001469   Thumb Code    24  stm32f10x_tim.o(.text)
    TIM_CtrlPWMOutputs                       0x08001481   Thumb Code    30  stm32f10x_tim.o(.text)
    TIM_ITConfig                             0x0800149f   Thumb Code    18  stm32f10x_tim.o(.text)
    TIM_GenerateEvent                        0x080014b1   Thumb Code     4  stm32f10x_tim.o(.text)
    TIM_DMAConfig                            0x080014b5   Thumb Code    10  stm32f10x_tim.o(.text)
    TIM_DMACmd                               0x080014bf   Thumb Code    18  stm32f10x_tim.o(.text)
    TIM_InternalClockConfig                  0x080014d1   Thumb Code    12  stm32f10x_tim.o(.text)
    TIM_SelectInputTrigger                   0x080014dd   Thumb Code    18  stm32f10x_tim.o(.text)
    TIM_ITRxExternalClockConfig              0x080014ef   Thumb Code    24  stm32f10x_tim.o(.text)
    TIM_TIxExternalClockConfig               0x08001507   Thumb Code    62  stm32f10x_tim.o(.text)
    TIM_ETRConfig                            0x08001545   Thumb Code    28  stm32f10x_tim.o(.text)
    TIM_ETRClockMode1Config                  0x08001561   Thumb Code    54  stm32f10x_tim.o(.text)
    TIM_ETRClockMode2Config                  0x08001597   Thumb Code    32  stm32f10x_tim.o(.text)
    TIM_PrescalerConfig                      0x080015b7   Thumb Code     6  stm32f10x_tim.o(.text)
    TIM_CounterModeConfig                    0x080015bd   Thumb Code    18  stm32f10x_tim.o(.text)
    TIM_EncoderInterfaceConfig               0x080015cf   Thumb Code    66  stm32f10x_tim.o(.text)
    TIM_ForcedOC1Config                      0x08001611   Thumb Code    18  stm32f10x_tim.o(.text)
    TIM_ForcedOC2Config                      0x08001623   Thumb Code    26  stm32f10x_tim.o(.text)
    TIM_ForcedOC3Config                      0x0800163d   Thumb Code    18  stm32f10x_tim.o(.text)
    TIM_ForcedOC4Config                      0x0800164f   Thumb Code    26  stm32f10x_tim.o(.text)
    TIM_ARRPreloadConfig                     0x08001669   Thumb Code    24  stm32f10x_tim.o(.text)
    TIM_SelectCOM                            0x08001681   Thumb Code    24  stm32f10x_tim.o(.text)
    TIM_SelectCCDMA                          0x08001699   Thumb Code    24  stm32f10x_tim.o(.text)
    TIM_CCPreloadControl                     0x080016b1   Thumb Code    24  stm32f10x_tim.o(.text)
    TIM_OC1PreloadConfig                     0x080016c9   Thumb Code    18  stm32f10x_tim.o(.text)
    TIM_OC2PreloadConfig                     0x080016db   Thumb Code    26  stm32f10x_tim.o(.text)
    TIM_OC3PreloadConfig                     0x080016f5   Thumb Code    18  stm32f10x_tim.o(.text)
    TIM_OC4PreloadConfig                     0x08001707   Thumb Code    26  stm32f10x_tim.o(.text)
    TIM_OC1FastConfig                        0x08001721   Thumb Code    18  stm32f10x_tim.o(.text)
    TIM_OC2FastConfig                        0x08001733   Thumb Code    26  stm32f10x_tim.o(.text)
    TIM_OC3FastConfig                        0x0800174d   Thumb Code    18  stm32f10x_tim.o(.text)
    TIM_OC4FastConfig                        0x0800175f   Thumb Code    26  stm32f10x_tim.o(.text)
    TIM_ClearOC1Ref                          0x08001779   Thumb Code    18  stm32f10x_tim.o(.text)
    TIM_ClearOC2Ref                          0x0800178b   Thumb Code    24  stm32f10x_tim.o(.text)
    TIM_ClearOC3Ref                          0x080017a3   Thumb Code    18  stm32f10x_tim.o(.text)
    TIM_ClearOC4Ref                          0x080017b5   Thumb Code    24  stm32f10x_tim.o(.text)
    TIM_OC1PolarityConfig                    0x080017cd   Thumb Code    18  stm32f10x_tim.o(.text)
    TIM_OC1NPolarityConfig                   0x080017df   Thumb Code    18  stm32f10x_tim.o(.text)
    TIM_OC2PolarityConfig                    0x080017f1   Thumb Code    26  stm32f10x_tim.o(.text)
    TIM_OC2NPolarityConfig                   0x0800180b   Thumb Code    26  stm32f10x_tim.o(.text)
    TIM_OC3PolarityConfig                    0x08001825   Thumb Code    26  stm32f10x_tim.o(.text)
    TIM_OC3NPolarityConfig                   0x0800183f   Thumb Code    26  stm32f10x_tim.o(.text)
    TIM_OC4PolarityConfig                    0x08001859   Thumb Code    26  stm32f10x_tim.o(.text)
    TIM_CCxCmd                               0x08001873   Thumb Code    30  stm32f10x_tim.o(.text)
    TIM_CCxNCmd                              0x08001891   Thumb Code    30  stm32f10x_tim.o(.text)
    TIM_SelectOCxM                           0x080018af   Thumb Code    82  stm32f10x_tim.o(.text)
    TIM_UpdateDisableConfig                  0x08001901   Thumb Code    24  stm32f10x_tim.o(.text)
    TIM_UpdateRequestConfig                  0x08001919   Thumb Code    24  stm32f10x_tim.o(.text)
    TIM_SelectHallSensor                     0x08001931   Thumb Code    24  stm32f10x_tim.o(.text)
    TIM_SelectOnePulseMode                   0x08001949   Thumb Code    18  stm32f10x_tim.o(.text)
    TIM_SelectOutputTrigger                  0x0800195b   Thumb Code    18  stm32f10x_tim.o(.text)
    TIM_SelectSlaveMode                      0x0800196d   Thumb Code    18  stm32f10x_tim.o(.text)
    TIM_SelectMasterSlaveMode                0x0800197f   Thumb Code    18  stm32f10x_tim.o(.text)
    TIM_SetCounter                           0x08001991   Thumb Code     4  stm32f10x_tim.o(.text)
    TIM_SetAutoreload                        0x08001995   Thumb Code     4  stm32f10x_tim.o(.text)
    TIM_SetCompare1                          0x08001999   Thumb Code     4  stm32f10x_tim.o(.text)
    TIM_SetCompare2                          0x0800199d   Thumb Code     4  stm32f10x_tim.o(.text)
    TIM_SetCompare3                          0x080019a1   Thumb Code     4  stm32f10x_tim.o(.text)
    TIM_SetCompare4                          0x080019a5   Thumb Code     6  stm32f10x_tim.o(.text)
    TIM_SetClockDivision                     0x080019ab   Thumb Code    18  stm32f10x_tim.o(.text)
    TIM_GetCapture1                          0x080019bd   Thumb Code     6  stm32f10x_tim.o(.text)
    TIM_GetCapture2                          0x080019c3   Thumb Code     6  stm32f10x_tim.o(.text)
    TIM_GetCapture3                          0x080019c9   Thumb Code     6  stm32f10x_tim.o(.text)
    TIM_GetCapture4                          0x080019cf   Thumb Code     8  stm32f10x_tim.o(.text)
    TIM_GetCounter                           0x080019d7   Thumb Code     6  stm32f10x_tim.o(.text)
    TIM_GetPrescaler                         0x080019dd   Thumb Code     6  stm32f10x_tim.o(.text)
    TIM_GetFlagStatus                        0x080019e3   Thumb Code    18  stm32f10x_tim.o(.text)
    TIM_ClearFlag                            0x080019f5   Thumb Code     6  stm32f10x_tim.o(.text)
    TIM_GetITStatus                          0x080019fb   Thumb Code    34  stm32f10x_tim.o(.text)
    TIM_ClearITPendingBit                    0x08001a1d   Thumb Code     6  stm32f10x_tim.o(.text)
    USART_DeInit                             0x08001a25   Thumb Code   134  stm32f10x_usart.o(.text)
    USART_Init                               0x08001aab   Thumb Code   210  stm32f10x_usart.o(.text)
    USART_StructInit                         0x08001b7d   Thumb Code    24  stm32f10x_usart.o(.text)
    USART_ClockInit                          0x08001b95   Thumb Code    34  stm32f10x_usart.o(.text)
    USART_ClockStructInit                    0x08001bb7   Thumb Code    12  stm32f10x_usart.o(.text)
    USART_Cmd                                0x08001bc3   Thumb Code    24  stm32f10x_usart.o(.text)
    USART_ITConfig                           0x08001bdb   Thumb Code    74  stm32f10x_usart.o(.text)
    USART_DMACmd                             0x08001c25   Thumb Code    18  stm32f10x_usart.o(.text)
    USART_SetAddress                         0x08001c37   Thumb Code    18  stm32f10x_usart.o(.text)
    USART_WakeUpConfig                       0x08001c49   Thumb Code    18  stm32f10x_usart.o(.text)
    USART_ReceiverWakeUpCmd                  0x08001c5b   Thumb Code    24  stm32f10x_usart.o(.text)
    USART_LINBreakDetectLengthConfig         0x08001c73   Thumb Code    18  stm32f10x_usart.o(.text)
    USART_LINCmd                             0x08001c85   Thumb Code    24  stm32f10x_usart.o(.text)
    USART_SendData                           0x08001c9d   Thumb Code     8  stm32f10x_usart.o(.text)
    USART_ReceiveData                        0x08001ca5   Thumb Code    10  stm32f10x_usart.o(.text)
    USART_SendBreak                          0x08001caf   Thumb Code    10  stm32f10x_usart.o(.text)
    USART_SetGuardTime                       0x08001cb9   Thumb Code    16  stm32f10x_usart.o(.text)
    USART_SetPrescaler                       0x08001cc9   Thumb Code    16  stm32f10x_usart.o(.text)
    USART_SmartCardCmd                       0x08001cd9   Thumb Code    24  stm32f10x_usart.o(.text)
    USART_SmartCardNACKCmd                   0x08001cf1   Thumb Code    24  stm32f10x_usart.o(.text)
    USART_HalfDuplexCmd                      0x08001d09   Thumb Code    24  stm32f10x_usart.o(.text)
    USART_OverSampling8Cmd                   0x08001d21   Thumb Code    22  stm32f10x_usart.o(.text)
    USART_OneBitMethodCmd                    0x08001d37   Thumb Code    24  stm32f10x_usart.o(.text)
    USART_IrDAConfig                         0x08001d4f   Thumb Code    18  stm32f10x_usart.o(.text)
    USART_IrDACmd                            0x08001d61   Thumb Code    24  stm32f10x_usart.o(.text)
    USART_GetFlagStatus                      0x08001d79   Thumb Code    26  stm32f10x_usart.o(.text)
    USART_ClearFlag                          0x08001d93   Thumb Code    18  stm32f10x_usart.o(.text)
    USART_GetITStatus                        0x08001da5   Thumb Code    84  stm32f10x_usart.o(.text)
    USART_ClearITPendingBit                  0x08001df9   Thumb Code    52  stm32f10x_usart.o(.text)
    NVIC_Config                              0x08001e2d   Thumb Code     2  bsp_nvic.o(.text)
    STM32_System_Init                        0x08001e31   Thumb Code    74  bsp_sys.o(.text)
    Delay_Init                               0x08001e85   Thumb Code    52  delay.o(.text)
    Delay_ms                                 0x08001eb9   Thumb Code    56  delay.o(.text)
    Delay_us                                 0x08001ef1   Thumb Code    56  delay.o(.text)
    TIM8_PWM_Init                            0x08001f31   Thumb Code   302  bsp_timer.o(.text)
    MOTOR_PWM_OutC                           0x0800205f   Thumb Code     8  bsp_timer.o(.text)
    MOTOR_PWM_OutD                           0x08002067   Thumb Code     8  bsp_timer.o(.text)
    MOTOR_PWM_Out                            0x0800206f   Thumb Code    22  bsp_timer.o(.text)
    Timer6_Init                              0x08002085   Thumb Code   112  bsp_timer.o(.text)
    Encoder_Init_TIM2                        0x080020f5   Thumb Code   182  bsp_timer.o(.text)
    Encoder_Init_TIM3                        0x080021ab   Thumb Code   150  bsp_timer.o(.text)
    Encoder_Init_TIM4                        0x08002241   Thumb Code   142  bsp_timer.o(.text)
    Encoder_Init_TIM5                        0x080022cf   Thumb Code   190  bsp_timer.o(.text)
    Read_Encoder                             0x0800238d   Thumb Code    52  bsp_timer.o(.text)
    Initial_UART2                            0x080023c9   Thumb Code   168  uart2.o(.text)
    USART2_IRQHandler                        0x08002471   Thumb Code   128  uart2.o(.text)
    UART2_Put_Char                           0x080024f1   Thumb Code    34  uart2.o(.text)
    UART2_Put_String                         0x08002513   Thumb Code    46  uart2.o(.text)
    Initial_UART1                            0x0800255d   Thumb Code   174  uart1.o(.text)
    UART1_Put_Char                           0x0800260b   Thumb Code    34  uart1.o(.text)
    UART1_Put_String                         0x0800262d   Thumb Code    46  uart1.o(.text)
    USART1_IRQHandler                        0x0800265b   Thumb Code   118  uart1.o(.text)
    Initial_UART3                            0x080026e9   Thumb Code   186  uart3.o(.text)
    USART3_IRQHandler                        0x080027a3   Thumb Code   128  uart3.o(.text)
    UART3_Put_Char                           0x08002823   Thumb Code    34  uart3.o(.text)
    UART3_Put_String                         0x08002845   Thumb Code    46  uart3.o(.text)
    MOTOR_GPIO_Init                          0x0800288d   Thumb Code    74  motor.o(.text)
    MOTOR_A                                  0x080028d7   Thumb Code    64  motor.o(.text)
    MOTOR_B                                  0x08002917   Thumb Code    64  motor.o(.text)
    MOTOR_C                                  0x08002957   Thumb Code    68  motor.o(.text)
    MOTOR_D                                  0x0800299b   Thumb Code    66  motor.o(.text)
    Car_Go                                   0x080029dd   Thumb Code    16  motor.o(.text)
    Car_Back                                 0x080029ed   Thumb Code    16  motor.o(.text)
    Car_Turn_Left                            0x080029fd   Thumb Code    16  motor.o(.text)
    Car_Turn_Right                           0x08002a0d   Thumb Code    16  motor.o(.text)
    Car_Right                                0x08002a1d   Thumb Code    16  motor.o(.text)
    Car_Left                                 0x08002a2d   Thumb Code    16  motor.o(.text)
    Car_Stop                                 0x08002a3d   Thumb Code    16  motor.o(.text)
    showPID                                  0x08002a55   Thumb Code     2  pid.o(.text)
    PID_Calc_A                               0x08002a57   Thumb Code   114  pid.o(.text)
    PID_Calc_B                               0x08002ac9   Thumb Code   114  pid.o(.text)
    PID_Calc_C                               0x08002b3b   Thumb Code   114  pid.o(.text)
    PID_Calc_D                               0x08002bad   Thumb Code   114  pid.o(.text)
    PID_Calc_MPU                             0x08002c1f   Thumb Code   114  pid.o(.text)
    TIM6_IRQHandler                          0x08002cd1   Thumb Code   226  car.o(.text)
    sendcmd                                  0x08002ddd   Thumb Code    24  main.o(.text)
    CopeSerial2Data                          0x08002df5   Thumb Code    18  main.o(.text)
    CopeSerial1Data                          0x08002e07   Thumb Code    18  main.o(.text)
    CopeSerial3Data                          0x08002e19   Thumb Code    26  main.o(.text)
    pid_param_Init                           0x08002e33   Thumb Code    68  main.o(.text)
    main                                     0x08002e77   Thumb Code   492  main.o(.text)
    NMI_Handler                              0x080030c1   Thumb Code     2  stm32f10x_it.o(.text)
    HardFault_Handler                        0x080030c3   Thumb Code     4  stm32f10x_it.o(.text)
    MemManage_Handler                        0x080030c7   Thumb Code     4  stm32f10x_it.o(.text)
    BusFault_Handler                         0x080030cb   Thumb Code     4  stm32f10x_it.o(.text)
    UsageFault_Handler                       0x080030cf   Thumb Code     4  stm32f10x_it.o(.text)
    SVC_Handler                              0x080030d3   Thumb Code     2  stm32f10x_it.o(.text)
    DebugMon_Handler                         0x080030d5   Thumb Code     2  stm32f10x_it.o(.text)
    PendSV_Handler                           0x080030d7   Thumb Code     2  stm32f10x_it.o(.text)
    __use_two_region_memory                  0x080030d9   Thumb Code     2  heapauxi.o(.text)
    __rt_heap_escrow$2region                 0x080030db   Thumb Code     2  heapauxi.o(.text)
    __rt_heap_expand$2region                 0x080030dd   Thumb Code     2  heapauxi.o(.text)
    __user_libspace                          0x080030e1   Thumb Code     8  libspace.o(.text)
    __user_perproc_libspace                  0x080030e1   Thumb Code     0  libspace.o(.text)
    __user_perthread_libspace                0x080030e1   Thumb Code     0  libspace.o(.text)
    __user_setup_stackheap                   0x080030e9   Thumb Code    74  sys_stackheap_outer.o(.text)
    exit                                     0x08003133   Thumb Code    12  exit.o(.text)
    _sys_exit                                0x08003141   Thumb Code     8  sys_exit.o(.text)
    __I$use$semihosting                      0x0800314d   Thumb Code     0  use_no_semi.o(.text)
    __use_no_semihosting_swi                 0x0800314d   Thumb Code     2  use_no_semi.o(.text)
    __semihosting_library_function           0x0800314f   Thumb Code     0  indicate_semi.o(.text)
    __aeabi_fadd                             0x08003151   Thumb Code     0  faddsub_clz.o(x$fpl$fadd)
    _fadd                                    0x08003151   Thumb Code   196  faddsub_clz.o(x$fpl$fadd)
    __aeabi_fdiv                             0x08003215   Thumb Code     0  fdiv.o(x$fpl$fdiv)
    _fdiv                                    0x08003215   Thumb Code   384  fdiv.o(x$fpl$fdiv)
    __aeabi_f2iz                             0x08003399   Thumb Code     0  ffix.o(x$fpl$ffix)
    _ffix                                    0x08003399   Thumb Code    54  ffix.o(x$fpl$ffix)
    __aeabi_i2f                              0x080033d1   Thumb Code     0  fflt_clz.o(x$fpl$fflt)
    _fflt                                    0x080033d1   Thumb Code    48  fflt_clz.o(x$fpl$fflt)
    __aeabi_fmul                             0x08003401   Thumb Code     0  fmul.o(x$fpl$fmul)
    _fmul                                    0x08003401   Thumb Code   258  fmul.o(x$fpl$fmul)
    __fpl_fnaninf                            0x08003503   Thumb Code   140  fnaninf.o(x$fpl$fnaninf)
    __fpl_fretinf                            0x0800358f   Thumb Code    10  fretinf.o(x$fpl$fretinf)
    __aeabi_fsub                             0x08003599   Thumb Code     0  faddsub_clz.o(x$fpl$fsub)
    _fsub                                    0x08003599   Thumb Code   234  faddsub_clz.o(x$fpl$fsub)
    __I$use$fp                               0x08003682   Number         0  usenofp.o(x$fpl$usenofp)
    Region$$Table$$Base                      0x08003684   Number         0  anon$$obj.o(Region$$Table)
    Region$$Table$$Limit                     0x080036a4   Number         0  anon$$obj.o(Region$$Table)
    SystemCoreClock                          0x20000000   Data           4  system_stm32f10x.o(.data)
    AHBPrescTable                            0x20000004   Data          16  system_stm32f10x.o(.data)
    jj                                       0x20000030   Data           4  uart2.o(.data)
    Proportion                               0x20000040   Data           4  pid.o(.data)
    Integral                                 0x20000044   Data           4  pid.o(.data)
    Derivative                               0x20000048   Data           4  pid.o(.data)
    Proportion_mpu                           0x2000004c   Data           4  pid.o(.data)
    Integral_mpu                             0x20000050   Data           4  pid.o(.data)
    Derivative_mpu                           0x20000054   Data           4  pid.o(.data)
    Encoder_C                                0x20000080   Data           4  car.o(.data)
    Encoder_D                                0x20000084   Data           4  car.o(.data)
    Moto_C                                   0x20000088   Data           4  car.o(.data)
    Moto_D                                   0x2000008c   Data           4  car.o(.data)
    para_C                                   0x20000090   Data           4  car.o(.data)
    para_D                                   0x20000094   Data           4  car.o(.data)
    mpu_data                                 0x20000098   Data           4  car.o(.data)
    q                                        0x2000009c   Data           4  car.o(.data)
    k                                        0x200000a0   Data           4  car.o(.data)
    SetPoint                                 0x200000a4   Data           4  car.o(.data)
    Want_Yaw                                 0x200000a8   Data           4  car.o(.data)
    get_it2                                  0x200000ac   Data           4  car.o(.data)
    get_it1                                  0x200000b0   Data           2  car.o(.data)
    temp1                                    0x200000b4   Data           4  car.o(.data)
    temp2                                    0x200000b8   Data           4  car.o(.data)
    temp3                                    0x200000bc   Data           4  car.o(.data)
    temp4                                    0x200000c0   Data           4  car.o(.data)
    sudu                                     0x200000c4   Data           4  car.o(.data)
    set_speed                                0x200000c8   Data           5  car.o(.data)
    speed                                    0x200000cd   Data           5  car.o(.data)
    speed11                                  0x200000d2   Data           5  car.o(.data)
    SysTick_count                            0x200000dc   Data           4  main.o(.data)
    AK8975                                   0x200000e0   Data           6  main.o(.data)
    ALL_flag                                 0x200000e6   Data           5  main.o(.data)
    stcTime                                  0x200000ec   Data           8  main.o(.data)
    stcAcc                                   0x200000f4   Data           8  main.o(.data)
    stcGyro                                  0x200000fc   Data           8  main.o(.data)
    stcAngle                                 0x20000104   Data           8  main.o(.data)
    stcMag                                   0x2000010c   Data           8  main.o(.data)
    stcDStatus                               0x20000114   Data           8  main.o(.data)
    stcPress                                 0x2000011c   Data           8  main.o(.data)
    stcLonLat                                0x20000124   Data           8  main.o(.data)
    stcGPSV                                  0x2000012c   Data           8  main.o(.data)
    stcQ                                     0x20000134   Data           8  main.o(.data)
    ACCCALSW                                 0x2000013c   Data           5  main.o(.data)
    SAVACALSW                                0x20000141   Data           5  main.o(.data)
    SETREBACK                                0x20000146   Data           5  main.o(.data)
    ucRxCnt                                  0x2000014b   Data           1  main.o(.data)
    uccRxCnt                                 0x2000014c   Data           1  main.o(.data)
    ucccRxCnt                                0x2000014d   Data           1  main.o(.data)
    test1                                    0x20000150   Data           4  main.o(.data)
    YAW_ang                                  0x20000154   Data           4  main.o(.data)
    MPU6050                                  0x20000458   Data          12  main.o(.bss)
    Angle                                    0x20000464   Data          12  main.o(.bss)
    Remote                                   0x20000470   Data          16  main.o(.bss)
    pidRateX                                 0x20000480   Data          52  main.o(.bss)
    pidRateY                                 0x200004b4   Data          52  main.o(.bss)
    pidRateZ                                 0x200004e8   Data          52  main.o(.bss)
    pidPitch                                 0x2000051c   Data          52  main.o(.bss)
    pidRoll                                  0x20000550   Data          52  main.o(.bss)
    pidYaw                                   0x20000584   Data          52  main.o(.bss)
    pidHeightRate                            0x200005b8   Data          52  main.o(.bss)
    pidHeightHigh                            0x200005ec   Data          52  main.o(.bss)
    __libspace_start                         0x20000a08   Data          96  libspace.o(.bss)
    __temporary_stack_top$libspace           0x20000a68   Data           0  libspace.o(.bss)



==============================================================================

Memory Map of the image

  Image Entry point : 0x08000131

  Load Region LR_IROM1 (Base: 0x08000000, Size: 0x000037fc, Max: 0x00080000, ABSOLUTE, COMPRESSED[0x000036e0])

    Execution Region ER_IROM1 (Base: 0x08000000, Size: 0x000036a4, Max: 0x00080000, ABSOLUTE)

    Base Addr    Size         Type   Attr      Idx    E Section Name        Object

    0x08000000   0x00000130   Data   RO            3    RESET               startup_stm32f10x_hd.o
    0x08000130   0x00000008   Code   RO          810  * !!!main             c_w.l(__main.o)
    0x08000138   0x00000034   Code   RO         1068    !!!scatter          c_w.l(__scatter.o)
    0x0800016c   0x0000005a   Code   RO         1066    !!dczerorl2         c_w.l(__dczerorl2.o)
    0x080001c6   0x00000002   PAD
    0x080001c8   0x0000001c   Code   RO         1070    !!handler_zi        c_w.l(__scatter_zi.o)
    0x080001e4   0x00000002   Code   RO          936    .ARM.Collect$$libinit$$00000000  c_w.l(libinit.o)
    0x080001e6   0x00000000   Code   RO          942    .ARM.Collect$$libinit$$00000002  c_w.l(libinit2.o)
    0x080001e6   0x00000000   Code   RO          944    .ARM.Collect$$libinit$$00000004  c_w.l(libinit2.o)
    0x080001e6   0x00000000   Code   RO          947    .ARM.Collect$$libinit$$0000000A  c_w.l(libinit2.o)
    0x080001e6   0x00000000   Code   RO          949    .ARM.Collect$$libinit$$0000000C  c_w.l(libinit2.o)
    0x080001e6   0x00000000   Code   RO          951    .ARM.Collect$$libinit$$0000000E  c_w.l(libinit2.o)
    0x080001e6   0x00000000   Code   RO          954    .ARM.Collect$$libinit$$00000011  c_w.l(libinit2.o)
    0x080001e6   0x00000000   Code   RO          956    .ARM.Collect$$libinit$$00000013  c_w.l(libinit2.o)
    0x080001e6   0x00000000   Code   RO          958    .ARM.Collect$$libinit$$00000015  c_w.l(libinit2.o)
    0x080001e6   0x00000000   Code   RO          960    .ARM.Collect$$libinit$$00000017  c_w.l(libinit2.o)
    0x080001e6   0x00000000   Code   RO          962    .ARM.Collect$$libinit$$00000019  c_w.l(libinit2.o)
    0x080001e6   0x00000000   Code   RO          964    .ARM.Collect$$libinit$$0000001B  c_w.l(libinit2.o)
    0x080001e6   0x00000000   Code   RO          966    .ARM.Collect$$libinit$$0000001D  c_w.l(libinit2.o)
    0x080001e6   0x00000000   Code   RO          968    .ARM.Collect$$libinit$$0000001F  c_w.l(libinit2.o)
    0x080001e6   0x00000000   Code   RO          970    .ARM.Collect$$libinit$$00000021  c_w.l(libinit2.o)
    0x080001e6   0x00000000   Code   RO          972    .ARM.Collect$$libinit$$00000023  c_w.l(libinit2.o)
    0x080001e6   0x00000000   Code   RO          974    .ARM.Collect$$libinit$$00000025  c_w.l(libinit2.o)
    0x080001e6   0x00000000   Code   RO          978    .ARM.Collect$$libinit$$0000002C  c_w.l(libinit2.o)
    0x080001e6   0x00000000   Code   RO          980    .ARM.Collect$$libinit$$0000002E  c_w.l(libinit2.o)
    0x080001e6   0x00000000   Code   RO          982    .ARM.Collect$$libinit$$00000030  c_w.l(libinit2.o)
    0x080001e6   0x00000000   Code   RO          984    .ARM.Collect$$libinit$$00000032  c_w.l(libinit2.o)
    0x080001e6   0x00000002   Code   RO          985    .ARM.Collect$$libinit$$00000033  c_w.l(libinit2.o)
    0x080001e8   0x00000002   Code   RO         1007    .ARM.Collect$$libshutdown$$00000000  c_w.l(libshutdown.o)
    0x080001ea   0x00000000   Code   RO         1021    .ARM.Collect$$libshutdown$$00000003  c_w.l(libshutdown2.o)
    0x080001ea   0x00000000   Code   RO         1024    .ARM.Collect$$libshutdown$$00000006  c_w.l(libshutdown2.o)
    0x080001ea   0x00000000   Code   RO         1027    .ARM.Collect$$libshutdown$$00000009  c_w.l(libshutdown2.o)
    0x080001ea   0x00000000   Code   RO         1029    .ARM.Collect$$libshutdown$$0000000B  c_w.l(libshutdown2.o)
    0x080001ea   0x00000000   Code   RO         1032    .ARM.Collect$$libshutdown$$0000000E  c_w.l(libshutdown2.o)
    0x080001ea   0x00000002   Code   RO         1033    .ARM.Collect$$libshutdown$$0000000F  c_w.l(libshutdown2.o)
    0x080001ec   0x00000000   Code   RO          858    .ARM.Collect$$rtentry$$00000000  c_w.l(__rtentry.o)
    0x080001ec   0x00000000   Code   RO          901    .ARM.Collect$$rtentry$$00000002  c_w.l(__rtentry2.o)
    0x080001ec   0x00000006   Code   RO          913    .ARM.Collect$$rtentry$$00000004  c_w.l(__rtentry4.o)
    0x080001f2   0x00000000   Code   RO          903    .ARM.Collect$$rtentry$$00000009  c_w.l(__rtentry2.o)
    0x080001f2   0x00000004   Code   RO          904    .ARM.Collect$$rtentry$$0000000A  c_w.l(__rtentry2.o)
    0x080001f6   0x00000000   Code   RO          906    .ARM.Collect$$rtentry$$0000000C  c_w.l(__rtentry2.o)
    0x080001f6   0x00000008   Code   RO          907    .ARM.Collect$$rtentry$$0000000D  c_w.l(__rtentry2.o)
    0x080001fe   0x00000002   Code   RO          939    .ARM.Collect$$rtexit$$00000000  c_w.l(rtexit.o)
    0x08000200   0x00000000   Code   RO          989    .ARM.Collect$$rtexit$$00000002  c_w.l(rtexit2.o)
    0x08000200   0x00000004   Code   RO          990    .ARM.Collect$$rtexit$$00000003  c_w.l(rtexit2.o)
    0x08000204   0x00000006   Code   RO          991    .ARM.Collect$$rtexit$$00000004  c_w.l(rtexit2.o)
    0x0800020a   0x00000002   PAD
    0x0800020c   0x00000040   Code   RO            4    .text               startup_stm32f10x_hd.o
    0x0800024c   0x000001e0   Code   RO           24    .text               system_stm32f10x.o
    0x0800042c   0x000000dc   Code   RO          118    .text               misc.o
    0x08000508   0x0000035c   Code   RO          269    .text               stm32f10x_gpio.o
    0x08000864   0x000003a4   Code   RO          317    .text               stm32f10x_rcc.o
    0x08000c08   0x00000e1a   Code   RO          367    .text               stm32f10x_tim.o
    0x08001a22   0x00000002   PAD
    0x08001a24   0x00000408   Code   RO          379    .text               stm32f10x_usart.o
    0x08001e2c   0x00000002   Code   RO          403    .text               bsp_nvic.o
    0x08001e2e   0x00000002   PAD
    0x08001e30   0x00000054   Code   RO          418    .text               bsp_sys.o
    0x08001e84   0x000000ac   Code   RO          461    .text               delay.o
    0x08001f30   0x00000498   Code   RO          475    .text               bsp_timer.o
    0x080023c8   0x00000194   Code   RO          487    .text               uart2.o
    0x0800255c   0x0000018c   Code   RO          503    .text               uart1.o
    0x080026e8   0x000001a4   Code   RO          521    .text               uart3.o
    0x0800288c   0x000001c8   Code   RO          536    .text               motor.o
    0x08002a54   0x0000027c   Code   RO          548    .text               pid.o
    0x08002cd0   0x0000010c   Code   RO          563    .text               car.o
    0x08002ddc   0x000002e4   Code   RO          612    .text               main.o
    0x080030c0   0x00000018   Code   RO          637    .text               stm32f10x_it.o
    0x080030d8   0x00000006   Code   RO          808    .text               c_w.l(heapauxi.o)
    0x080030de   0x00000002   PAD
    0x080030e0   0x00000008   Code   RO          924    .text               c_w.l(libspace.o)
    0x080030e8   0x0000004a   Code   RO          927    .text               c_w.l(sys_stackheap_outer.o)
    0x08003132   0x0000000c   Code   RO          929    .text               c_w.l(exit.o)
    0x0800313e   0x00000002   PAD
    0x08003140   0x0000000c   Code   RO          999    .text               c_w.l(sys_exit.o)
    0x0800314c   0x00000002   Code   RO         1010    .text               c_w.l(use_no_semi.o)
    0x0800314e   0x00000000   Code   RO         1012    .text               c_w.l(indicate_semi.o)
    0x0800314e   0x00000002   PAD
    0x08003150   0x000000c4   Code   RO          824    x$fpl$fadd          fz_ws.l(faddsub_clz.o)
    0x08003214   0x00000184   Code   RO          831    x$fpl$fdiv          fz_ws.l(fdiv.o)
    0x08003398   0x00000036   Code   RO          834    x$fpl$ffix          fz_ws.l(ffix.o)
    0x080033ce   0x00000002   PAD
    0x080033d0   0x00000030   Code   RO          839    x$fpl$fflt          fz_ws.l(fflt_clz.o)
    0x08003400   0x00000102   Code   RO          846    x$fpl$fmul          fz_ws.l(fmul.o)
    0x08003502   0x0000008c   Code   RO          869    x$fpl$fnaninf       fz_ws.l(fnaninf.o)
    0x0800358e   0x0000000a   Code   RO          871    x$fpl$fretinf       fz_ws.l(fretinf.o)
    0x08003598   0x000000ea   Code   RO          826    x$fpl$fsub          fz_ws.l(faddsub_clz.o)
    0x08003682   0x00000000   Code   RO          875    x$fpl$usenofp       fz_ws.l(usenofp.o)
    0x08003682   0x00000002   PAD
    0x08003684   0x00000020   Data   RO         1064    Region$$Table       anon$$obj.o


    Execution Region RW_IRAM1 (Base: 0x20000000, Size: 0x00001068, Max: 0x00010000, ABSOLUTE, COMPRESSED[0x0000003c])

    Base Addr    Size         Type   Attr      Idx    E Section Name        Object

    0x20000000   0x00000014   Data   RW           25    .data               system_stm32f10x.o
    0x20000014   0x00000014   Data   RW          318    .data               stm32f10x_rcc.o
    0x20000028   0x00000004   Data   RW          462    .data               delay.o
    0x2000002c   0x00000008   Data   RW          489    .data               uart2.o
    0x20000034   0x00000002   Data   RW          505    .data               uart1.o
    0x20000036   0x00000002   PAD
    0x20000038   0x00000008   Data   RW          523    .data               uart3.o
    0x20000040   0x00000040   Data   RW          549    .data               pid.o
    0x20000080   0x0000005a   Data   RW          564    .data               car.o
    0x200000da   0x00000002   PAD
    0x200000dc   0x0000007c   Data   RW          614    .data               main.o
    0x20000158   0x00000100   Zero   RW          488    .bss                uart2.o
    0x20000258   0x00000100   Zero   RW          504    .bss                uart1.o
    0x20000358   0x00000100   Zero   RW          522    .bss                uart3.o
    0x20000458   0x000005b0   Zero   RW          613    .bss                main.o
    0x20000a08   0x00000060   Zero   RW          925    .bss                c_w.l(libspace.o)
    0x20000a68   0x00000200   Zero   RW            2    HEAP                startup_stm32f10x_hd.o
    0x20000c68   0x00000400   Zero   RW            1    STACK               startup_stm32f10x_hd.o


==============================================================================

Image component sizes


      Code (inc. data)   RO Data    RW Data    ZI Data      Debug   Object Name

         2          0          0          0          0        422   bsp_nvic.o
        84         10          0          0          0        516   bsp_sys.o
      1176         54          0          0          0       3209   bsp_timer.o
       268         42          0         90          0       2086   car.o
         0          0          0          0          0       4496   core_cm3.o
       172          8          0          4          0       1055   delay.o
       740        108          0        124       1456       6698   main.o
       220         22          0          0          0       1829   misc.o
       456          8          0          0          0       2119   motor.o
       636         64          0         64          0       2459   pid.o
        64         26        304          0       1536        872   startup_stm32f10x_hd.o
       860         38          0          0          0       5673   stm32f10x_gpio.o
        24          0          0          0          0       1126   stm32f10x_it.o
       932         36          0         20          0       8860   stm32f10x_rcc.o
      3610         88          0          0          0      22160   stm32f10x_tim.o
      1032         22          0          0          0       8400   stm32f10x_usart.o
       480         38          0         20          0     250335   system_stm32f10x.o
       396         24          0          2        256       2038   uart1.o
       404         28          0          8        256       2115   uart2.o
       420         26          0          8        256       2102   uart3.o

    ----------------------------------------------------------------------
     11980        642        336        344       3760     328570   Object Totals
         0          0         32          0          0          0   (incl. Generated)
         4          0          0          4          0          0   (incl. Padding)

    ----------------------------------------------------------------------

      Code (inc. data)   RO Data    RW Data    ZI Data      Debug   Library Member Name

        90          0          0          0          0          0   __dczerorl2.o
         8          0          0          0          0         68   __main.o
         0          0          0          0          0          0   __rtentry.o
        12          0          0          0          0          0   __rtentry2.o
         6          0          0          0          0          0   __rtentry4.o
        52          8          0          0          0          0   __scatter.o
        28          0          0          0          0          0   __scatter_zi.o
        12          0          0          0          0         72   exit.o
         6          0          0          0          0        152   heapauxi.o
         0          0          0          0          0          0   indicate_semi.o
         2          0          0          0          0          0   libinit.o
         2          0          0          0          0          0   libinit2.o
         2          0          0          0          0          0   libshutdown.o
         2          0          0          0          0          0   libshutdown2.o
         8          4          0          0         96         68   libspace.o
         2          0          0          0          0          0   rtexit.o
        10          0          0          0          0          0   rtexit2.o
        12          4          0          0          0         68   sys_exit.o
        74          0          0          0          0         80   sys_stackheap_outer.o
         2          0          0          0          0         68   use_no_semi.o
       430          8          0          0          0        168   faddsub_clz.o
       388         76          0          0          0         96   fdiv.o
        54          4          0          0          0         84   ffix.o
        48          0          0          0          0         68   fflt_clz.o
       258          4          0          0          0         84   fmul.o
       140          4          0          0          0         84   fnaninf.o
        10          0          0          0          0         68   fretinf.o
         0          0          0          0          0          0   usenofp.o

    ----------------------------------------------------------------------
      1672        112          0          0         96       1228   Library Totals
        14          0          0          0          0          0   (incl. Padding)

    ----------------------------------------------------------------------

      Code (inc. data)   RO Data    RW Data    ZI Data      Debug   Library Name

       330         16          0          0         96        576   c_w.l
      1328         96          0          0          0        652   fz_ws.l

    ----------------------------------------------------------------------
      1672        112          0          0         96       1228   Library Totals

    ----------------------------------------------------------------------

==============================================================================


      Code (inc. data)   RO Data    RW Data    ZI Data      Debug   

     13652        754        336        344       3856     327870   Grand Totals
     13652        754        336         60       3856     327870   ELF Image Totals (compressed)
     13652        754        336         60          0          0   ROM Totals

==============================================================================

    Total RO  Size (Code + RO Data)                13988 (  13.66kB)
    Total RW  Size (RW Data + ZI Data)              4200 (   4.10kB)
    Total ROM Size (Code + RO Data + RW Data)      14048 (  13.72kB)

==============================================================================

